164 problems x 3 seeds x 2 arms = 984 requests
[1/984] HumanEval/2 off s0 fired=False cap=False extract=True ctok=95 4.9s
[2/984] HumanEval/7 off s0 fired=False cap=False extract=True ctok=108 4.8s
[3/984] HumanEval/3 off s0 fired=False cap=False extract=True ctok=157 5.2s
[4/984] HumanEval/0 off s0 fired=False cap=False extract=True ctok=170 6.2s
[5/984] HumanEval/6 off s0 fired=False cap=False extract=True ctok=203 7.4s
[6/984] HumanEval/4 off s0 fired=False cap=False extract=True ctok=286 14.8s
[7/984] HumanEval/8 off s0 fired=False cap=False extract=True ctok=237 13.0s
[8/984] HumanEval/9 off s0 fired=False cap=False extract=True ctok=213 12.6s
[9/984] HumanEval/11 off s0 fired=False cap=False extract=True ctok=113 5.8s
[10/984] HumanEval/5 off s0 fired=False cap=False extract=True ctok=552 30.6s
[11/984] HumanEval/1 off s0 fired=False cap=False extract=True ctok=480 30.8s
[12/984] HumanEval/12 off s0 fired=False cap=False extract=True ctok=130 4.3s
[13/984] HumanEval/13 off s0 fired=False cap=False extract=True ctok=94 5.0s
[14/984] HumanEval/10 off s0 fired=False cap=False extract=True ctok=483 28.3s
[15/984] HumanEval/14 off s0 fired=False cap=False extract=True ctok=84 4.8s
[16/984] HumanEval/2 on s0 fired=True cap=False extract=True ctok=624 51.4s
[17/984] HumanEval/15 off s0 fired=False cap=False extract=True ctok=91 5.1s
[18/984] HumanEval/3 on s0 fired=True cap=False extract=True ctok=672 60.1s
[19/984] HumanEval/8 on s0 fired=True cap=False extract=True ctok=711 55.8s
[20/984] HumanEval/16 off s0 fired=False cap=False extract=True ctok=78 1.9s
[21/984] HumanEval/4 on s0 fired=True cap=False extract=True ctok=949 72.9s
[22/984] HumanEval/17 off s0 fired=False cap=False extract=True ctok=237 11.9s
[23/984] HumanEval/5 on s0 fired=True cap=False extract=True ctok=894 79.5s
[24/984] HumanEval/7 on s0 fired=True cap=False extract=True ctok=869 81.7s
[25/984] HumanEval/14 on s0 fired=True cap=False extract=True ctok=509 42.2s
[26/984] HumanEval/15 on s0 fired=True cap=False extract=True ctok=528 45.4s
[27/984] HumanEval/19 off s0 fired=False cap=False extract=True ctok=319 15.6s
[28/984] HumanEval/18 off s0 fired=False cap=False extract=True ctok=358 26.5s
[29/984] HumanEval/20 off s0 fired=False cap=False extract=True ctok=265 12.2s
[30/984] HumanEval/9 on s0 fired=True cap=False extract=True ctok=1345 103.1s
[31/984] HumanEval/21 off s0 fired=False cap=False extract=True ctok=170 8.6s
[32/984] HumanEval/16 on s0 fired=True cap=False extract=True ctok=644 58.2s
[33/984] HumanEval/17 on s0 fired=True cap=False extract=True ctok=671 53.9s
[34/984] HumanEval/23 off s0 fired=False cap=False extract=True ctok=52 1.0s
[35/984] HumanEval/24 off s0 fired=False cap=False extract=True ctok=84 4.8s
[36/984] HumanEval/12 on s0 fired=True cap=False extract=True ctok=1267 106.3s
[37/984] HumanEval/6 on s0 fired=True cap=False extract=True ctok=1593 137.8s
[38/984] HumanEval/22 off s0 fired=False cap=False extract=True ctok=446 31.1s
[39/984] HumanEval/11 on s0 fired=True cap=False extract=True ctok=1384 122.9s
[40/984] HumanEval/0 on s0 fired=True cap=False extract=True ctok=1854 148.8s
[41/984] HumanEval/25 off s0 fired=False cap=False extract=True ctok=437 22.7s
[42/984] HumanEval/26 off s0 fired=False cap=False extract=True ctok=298 14.8s
[43/984] HumanEval/28 off s0 fired=False cap=False extract=True ctok=68 4.2s
[44/984] HumanEval/27 off s0 fired=False cap=False extract=True ctok=169 16.1s
[45/984] HumanEval/29 off s0 fired=False cap=False extract=True ctok=106 5.4s
[46/984] HumanEval/19 on s0 fired=True cap=False extract=True ctok=1236 98.0s
[47/984] HumanEval/23 on s0 fired=True cap=False extract=True ctok=668 71.1s
[48/984] HumanEval/1 on s0 fired=True cap=False extract=True ctok=2049 181.4s
[49/984] HumanEval/30 off s0 fired=False cap=False extract=True ctok=139 6.9s
[50/984] HumanEval/28 on s0 fired=True cap=False extract=True ctok=493 46.1s
[51/984] HumanEval/27 on s0 fired=True cap=False extract=True ctok=789 63.5s
[52/984] HumanEval/31 off s0 fired=False cap=False extract=True ctok=611 30.3s
[53/984] HumanEval/13 on s0 fired=True cap=False extract=True ctok=2131 183.8s
[54/984] HumanEval/33 off s0 fired=False cap=False extract=True ctok=225 11.9s
[55/984] HumanEval/30 on s0 fired=True cap=False extract=True ctok=607 54.0s
[56/984] HumanEval/29 on s0 fired=True cap=False extract=True ctok=803 65.9s
[57/984] HumanEval/34 off s0 fired=False cap=False extract=True ctok=100 3.0s
[58/984] HumanEval/35 off s0 fired=False cap=False extract=True ctok=138 7.5s
[59/984] HumanEval/21 on s0 fired=True cap=False extract=False ctok=1544 141.9s
[60/984] HumanEval/36 off s0 fired=False cap=False extract=True ctok=161 8.8s
[61/984] HumanEval/37 off s0 fired=False cap=False extract=True ctok=197 11.6s
[62/984] HumanEval/26 on s0 fired=True cap=False extract=True ctok=1372 121.2s
[63/984] HumanEval/10 on s0 fired=True cap=False extract=True ctok=2977 254.8s
[64/984] HumanEval/22 on s0 fired=True cap=False extract=True ctok=1540 159.9s
[65/984] HumanEval/32 off s0 fired=False cap=False extract=True ctok=943 78.6s
[66/984] HumanEval/38 off s0 fired=False cap=False extract=True ctok=485 26.6s
[67/984] HumanEval/18 on s0 fired=True cap=False extract=True ctok=2334 214.5s
[68/984] HumanEval/39 off s0 fired=False cap=False extract=True ctok=584 34.9s
[69/984] HumanEval/40 off s0 fired=False cap=False extract=True ctok=327 16.3s
[70/984] HumanEval/34 on s0 fired=True cap=False extract=True ctok=1024 94.0s
[71/984] HumanEval/41 off s0 fired=False cap=False extract=True ctok=150 11.5s
[72/984] HumanEval/42 off s0 fired=False cap=False extract=True ctok=132 6.6s
[73/984] HumanEval/35 on s0 fired=True cap=False extract=True ctok=1058 96.0s
[74/984] HumanEval/25 on s0 fired=True cap=False extract=True ctok=2226 202.7s
[75/984] HumanEval/44 off s0 fired=False cap=False extract=True ctok=296 16.7s
[76/984] HumanEval/43 off s0 fired=False cap=False extract=True ctok=382 25.9s
[77/984] HumanEval/24 on s0 fired=True cap=False extract=True ctok=2718 230.3s
[78/984] HumanEval/20 on s0 fired=True cap=False extract=True ctok=3063 271.3s
[79/984] HumanEval/37 on s0 fired=True cap=False extract=True ctok=1606 120.4s
[80/984] HumanEval/45 off s0 fired=False cap=False extract=True ctok=212 18.4s
[81/984] HumanEval/42 on s0 fired=True cap=False extract=True ctok=767 59.8s
[82/984] HumanEval/46 off s0 fired=False cap=False extract=True ctok=388 18.1s
[83/984] HumanEval/47 off s0 fired=False cap=False extract=True ctok=305 15.4s
[84/984] HumanEval/48 off s0 fired=False cap=False extract=True ctok=80 4.6s
[85/984] HumanEval/31 on s0 fired=True cap=False extract=True ctok=2514 199.6s
[86/984] HumanEval/45 on s0 fired=True cap=False extract=True ctok=574 50.2s
[87/984] HumanEval/50 off s0 fired=False cap=False extract=True ctok=133 7.2s
[88/984] HumanEval/33 on s0 fired=True cap=False extract=True ctok=2237 200.7s
[89/984] HumanEval/51 off s0 fired=False cap=False extract=True ctok=145 7.8s
[90/984] HumanEval/49 off s0 fired=False cap=False extract=True ctok=709 50.7s
[91/984] HumanEval/48 on s0 fired=True cap=False extract=True ctok=751 67.2s
[92/984] HumanEval/36 on s0 fired=True cap=False extract=True ctok=2598 211.0s
[93/984] HumanEval/52 off s0 fired=False cap=False extract=True ctok=307 18.8s
[94/984] HumanEval/41 on s0 fired=True cap=False extract=True ctok=1482 160.0s
[95/984] HumanEval/54 off s0 fired=False cap=False extract=True ctok=155 8.3s
[96/984] HumanEval/53 off s0 fired=False cap=False extract=True ctok=256 19.7s
[97/984] HumanEval/43 on s0 fired=True cap=False extract=True ctok=1780 148.6s
[98/984] HumanEval/38 on s0 fired=True cap=False extract=True ctok=2044 216.3s
[99/984] HumanEval/52 on s0 fired=True cap=False extract=True ctok=597 55.9s
[100/984] HumanEval/56 off s0 fired=False cap=False extract=True ctok=157 6.2s
[101/984] HumanEval/55 off s0 fired=False cap=False extract=True ctok=271 18.3s
[102/984] HumanEval/57 off s0 fired=False cap=False extract=True ctok=152 7.8s
[103/984] HumanEval/51 on s0 fired=True cap=False extract=True ctok=986 88.4s
[104/984] HumanEval/44 on s0 fired=True cap=False extract=True ctok=1886 168.9s
[105/984] HumanEval/58 off s0 fired=False cap=False extract=True ctok=142 7.0s
[106/984] HumanEval/53 on s0 fired=True cap=False extract=True ctok=859 86.5s
[107/984] HumanEval/59 off s0 fired=False cap=False extract=True ctok=354 26.1s
[108/984] HumanEval/60 off s0 fired=False cap=False extract=True ctok=125 6.1s
[109/984] HumanEval/50 on s0 fired=True cap=False extract=True ctok=1482 144.9s
[110/984] HumanEval/55 on s0 fired=True cap=False extract=True ctok=1216 89.6s
[111/984] HumanEval/61 off s0 fired=False cap=False extract=True ctok=566 31.4s
[112/984] HumanEval/58 on s0 fired=True cap=False extract=True ctok=915 77.8s
[113/984] HumanEval/49 on s0 fired=True cap=False extract=True ctok=2254 185.7s
[114/984] HumanEval/39 on s0 fired=True cap=False extract=True ctok=3611 308.8s
[115/984] HumanEval/63 off s0 fired=False cap=False extract=True ctok=324 18.9s
[116/984] HumanEval/56 on s0 fired=True cap=False extract=True ctok=1195 115.7s
[117/984] HumanEval/62 off s0 fired=False cap=False extract=True ctok=584 39.8s
[118/984] HumanEval/60 on s0 fired=True cap=False extract=True ctok=1228 104.7s
[119/984] HumanEval/66 off s0 fired=False cap=False extract=True ctok=138 7.0s
[120/984] HumanEval/65 off s0 fired=False cap=False extract=True ctok=451 26.3s
[121/984] HumanEval/57 on s0 fired=True cap=False extract=True ctok=1567 137.4s
[122/984] HumanEval/46 on s0 fired=True cap=False extract=True ctok=3167 263.1s
[123/984] HumanEval/67 off s0 fired=False cap=False extract=True ctok=268 11.1s
[124/984] HumanEval/54 on s0 fired=True cap=False extract=True ctok=2049 169.5s
[125/984] HumanEval/40 on s0 fired=True cap=False extract=True ctok=3902 340.8s
[126/984] HumanEval/68 off s0 fired=False cap=False extract=True ctok=428 18.5s
[127/984] HumanEval/61 on s0 fired=True cap=False extract=True ctok=1172 116.6s
[128/984] HumanEval/69 off s0 fired=False cap=False extract=True ctok=295 18.2s
[129/984] HumanEval/70 off s0 fired=False cap=False extract=True ctok=257 12.9s
[130/984] HumanEval/71 off s0 fired=False cap=False extract=True ctok=245 9.9s
[131/984] HumanEval/66 on s0 fired=True cap=False extract=True ctok=718 60.8s
[132/984] HumanEval/72 off s0 fired=False cap=False extract=True ctok=299 14.8s
[133/984] HumanEval/73 off s0 fired=False cap=False extract=True ctok=210 9.5s
[134/984] HumanEval/62 on s0 fired=True cap=False extract=True ctok=1853 156.7s
[135/984] HumanEval/67 on s0 fired=True cap=False extract=True ctok=975 86.0s
[136/984] HumanEval/74 off s0 fired=False cap=False extract=True ctok=242 11.0s
[137/984] HumanEval/75 off s0 fired=False cap=False extract=True ctok=232 10.6s
[138/984] HumanEval/63 on s0 fired=True cap=False extract=True ctok=1996 167.1s
[139/984] HumanEval/76 off s0 fired=False cap=False extract=True ctok=170 7.6s
[140/984] HumanEval/72 on s0 fired=True cap=False extract=True ctok=1105 89.8s
[141/984] HumanEval/74 on s0 fired=True cap=False extract=True ctok=1043 85.5s
[142/984] HumanEval/69 on s0 fired=True cap=False extract=True ctok=1623 139.1s
[143/984] HumanEval/77 off s0 fired=False cap=False extract=True ctok=477 28.5s
[144/984] HumanEval/78 off s0 fired=False cap=False extract=True ctok=65 5.9s
[145/984] HumanEval/65 on s0 fired=True cap=False extract=True ctok=2088 187.0s
[146/984] HumanEval/73 on s0 fired=True cap=False extract=True ctok=1412 115.9s
[147/984] HumanEval/79 off s0 fired=False cap=False extract=True ctok=357 22.0s
[148/984] HumanEval/32 on s0 fired=True cap=False extract=True ctok=7040 600.0s
[149/984] HumanEval/80 off s0 fired=False cap=False extract=True ctok=492 25.9s
[150/984] HumanEval/59 on s0 fired=True cap=False extract=True ctok=3453 311.6s
[151/984] HumanEval/81 off s0 fired=False cap=False extract=True ctok=310 16.1s
[152/984] HumanEval/82 off s0 fired=False cap=False extract=True ctok=139 7.3s
[153/984] HumanEval/79 on s0 fired=True cap=False extract=True ctok=651 60.2s
[154/984] HumanEval/78 on s0 fired=True cap=False extract=True ctok=896 73.1s
[155/984] HumanEval/84 off s0 fired=False cap=False extract=True ctok=191 8.8s
[156/984] HumanEval/64 on s0 fired=True cap=False extract=True ctok=3106 274.5s
[157/984] HumanEval/47 on s0 fired=True cap=False extract=True ctok=6063 478.1s
[158/984] HumanEval/85 off s0 fired=False cap=False extract=True ctok=88 3.8s
[159/984] HumanEval/83 off s0 fired=False cap=False extract=True ctok=663 36.8s
[160/984] HumanEval/86 off s0 fired=False cap=False extract=True ctok=351 22.9s
[161/984] HumanEval/70 on s0 fired=True cap=False extract=True ctok=2878 243.8s
[162/984] HumanEval/87 off s0 fired=False cap=False extract=True ctok=69 2.2s
[163/984] HumanEval/68 on s0 fired=True cap=False extract=True ctok=3015 270.1s
[164/984] HumanEval/88 off s0 fired=False cap=False extract=True ctok=281 13.5s
[165/984] HumanEval/89 off s0 fired=False cap=False extract=True ctok=199 10.1s
[166/984] HumanEval/82 on s0 fired=True cap=False extract=True ctok=1395 113.2s
[167/984] HumanEval/85 on s0 fired=True cap=False extract=True ctok=906 75.5s
[168/984] HumanEval/84 on s0 fired=True cap=False extract=False ctok=1177 99.7s
[169/984] HumanEval/71 on s0 fired=True cap=False extract=True ctok=3419 287.3s
[170/984] HumanEval/75 on s0 fired=True cap=False extract=True ctok=2654 239.3s
[171/984] HumanEval/91 off s0 fired=False cap=False extract=True ctok=202 10.5s
[172/984] HumanEval/90 off s0 fired=False cap=False extract=True ctok=415 27.6s
[173/984] HumanEval/92 off s0 fired=False cap=False extract=True ctok=206 12.1s
[174/984] HumanEval/93 off s0 fired=False cap=False extract=True ctok=506 28.7s
[175/984] HumanEval/80 on s0 fired=True cap=False extract=True ctok=2183 199.1s
[176/984] HumanEval/88 on s0 fired=True cap=False extract=True ctok=1243 103.9s
[177/984] HumanEval/94 off s0 fired=False cap=False extract=True ctok=485 20.8s
[178/984] HumanEval/95 off s0 fired=False cap=False extract=True ctok=647 35.8s
[179/984] HumanEval/96 off s0 fired=False cap=False extract=True ctok=641 37.2s
[180/984] HumanEval/87 on s0 fired=True cap=False extract=True ctok=2325 206.3s
[181/984] HumanEval/97 off s0 fired=False cap=False extract=True ctok=140 7.5s
[182/984] HumanEval/90 on s0 fired=True cap=False extract=True ctok=1930 170.3s
[183/984] HumanEval/98 off s0 fired=False cap=False extract=True ctok=136 4.9s
[184/984] HumanEval/81 on s0 fired=True cap=False extract=True ctok=3534 305.3s
[185/984] HumanEval/83 on s0 fired=True cap=False extract=True ctok=3746 286.2s
[186/984] HumanEval/99 off s0 fired=False cap=False extract=True ctok=206 8.2s
[187/984] HumanEval/100 off s0 fired=False cap=False extract=True ctok=182 8.9s
[188/984] HumanEval/97 on s0 fired=True cap=False extract=True ctok=864 77.8s
[189/984] HumanEval/76 on s0 fired=True cap=False extract=True ctok=4681 425.2s
[190/984] HumanEval/94 on s0 fired=True cap=False extract=True ctok=2378 193.3s
[191/984] HumanEval/98 on s0 fired=True cap=False extract=True ctok=981 77.8s
[192/984] HumanEval/101 off s0 fired=False cap=False extract=True ctok=262 18.7s
[193/984] HumanEval/103 off s0 fired=False cap=False extract=True ctok=215 8.7s
[194/984] HumanEval/64 off s0 fired=False cap=True extract=False ctok=12288 574.6s
[195/984] HumanEval/104 off s0 fired=False cap=False extract=True ctok=175 8.7s
[196/984] HumanEval/102 off s0 fired=False cap=False extract=True ctok=548 34.8s
[197/984] HumanEval/89 on s0 fired=True cap=False extract=True ctok=3117 307.2s
[198/984] HumanEval/105 off s0 fired=False cap=False extract=True ctok=461 19.3s
[199/984] HumanEval/95 on s0 fired=True cap=False extract=True ctok=2520 230.7s
[200/984] HumanEval/106 off s0 fired=False cap=False extract=True ctok=455 25.9s
[201/984] HumanEval/101 on s0 fired=True cap=False extract=True ctok=1123 110.4s
[202/984] HumanEval/100 on s0 fired=True cap=False extract=True ctok=1478 135.6s
[203/984] HumanEval/86 on s0 fired=True cap=False extract=True ctok=3968 387.2s
[204/984] HumanEval/107 off s0 fired=False cap=False extract=True ctok=300 13.8s
[205/984] HumanEval/109 off s0 fired=False cap=False extract=True ctok=108 6.0s
[206/984] HumanEval/108 off s0 fired=False cap=False extract=True ctok=259 12.1s
[207/984] HumanEval/77 on s0 fired=True cap=False extract=True ctok=5429 512.2s
[208/984] HumanEval/92 on s0 fired=True cap=False extract=True ctok=3511 329.6s
[209/984] HumanEval/91 on s0 fired=True cap=False extract=True ctok=3346 344.5s
[210/984] HumanEval/110 off s0 fired=False cap=False extract=True ctok=448 26.4s
[211/984] HumanEval/111 off s0 fired=False cap=False extract=True ctok=289 12.5s
[212/984] HumanEval/104 on s0 fired=True cap=False extract=True ctok=1417 117.4s
[213/984] HumanEval/112 off s0 fired=False cap=False extract=True ctok=167 11.7s
[214/984] HumanEval/113 off s0 fired=False cap=False extract=True ctok=385 21.7s
[215/984] HumanEval/114 off s0 fired=False cap=False extract=True ctok=159 9.0s
[216/984] HumanEval/107 on s0 fired=True cap=False extract=True ctok=1514 115.0s
[217/984] HumanEval/106 on s0 fired=True cap=False extract=True ctok=1613 130.6s
[218/984] HumanEval/102 on s0 fired=True cap=False extract=True ctok=2422 191.9s
[219/984] HumanEval/96 on s0 fired=True cap=False extract=True ctok=4261 342.8s
[220/984] HumanEval/105 on s0 fired=True cap=False extract=True ctok=2187 179.9s
[221/984] HumanEval/115 off s0 fired=False cap=False extract=True ctok=497 35.9s
[222/984] HumanEval/117 off s0 fired=False cap=False extract=True ctok=289 11.8s
[223/984] HumanEval/116 off s0 fired=False cap=False extract=True ctok=545 34.5s
[224/984] HumanEval/111 on s0 fired=True cap=False extract=True ctok=1372 118.4s
[225/984] HumanEval/118 off s0 fired=False cap=False extract=True ctok=260 12.9s
[226/984] HumanEval/112 on s0 fired=True cap=False extract=True ctok=1311 111.4s
[227/984] HumanEval/119 off s0 fired=False cap=False extract=True ctok=315 12.8s
[228/984] HumanEval/114 on s0 fired=True cap=False extract=True ctok=1383 113.8s
[229/984] HumanEval/103 on s0 fired=True cap=False extract=True ctok=2902 258.4s
[230/984] HumanEval/120 off s0 fired=False cap=False extract=True ctok=458 26.7s
[231/984] HumanEval/121 off s0 fired=False cap=False extract=True ctok=493 24.7s
[232/984] HumanEval/122 off s0 fired=False cap=False extract=True ctok=464 28.3s
[233/984] HumanEval/108 on s0 fired=True cap=False extract=True ctok=2469 213.2s
[234/984] HumanEval/110 on s0 fired=True cap=False extract=True ctok=2654 220.0s
[235/984] HumanEval/123 off s0 fired=False cap=False extract=True ctok=686 38.2s
[236/984] HumanEval/124 off s0 fired=False cap=False extract=True ctok=244 13.3s
[237/984] HumanEval/121 on s0 fired=True cap=False extract=True ctok=1132 97.9s
[238/984] HumanEval/125 off s0 fired=False cap=False extract=True ctok=228 9.1s
[239/984] HumanEval/115 on s0 fired=True cap=False extract=True ctok=2121 198.7s
[240/984] HumanEval/126 off s0 fired=False cap=False extract=True ctok=623 28.8s
[241/984] HumanEval/122 on s0 fired=True cap=False extract=True ctok=1466 115.3s
[242/984] HumanEval/127 off s0 fired=False cap=False extract=True ctok=271 15.0s
[243/984] HumanEval/128 off s0 fired=False cap=False extract=True ctok=205 9.7s
[244/984] HumanEval/93 on s0 fired=True cap=False extract=True ctok=6323 599.9s
[245/984] HumanEval/120 on s0 fired=True cap=False extract=False ctok=2171 188.2s
[246/984] HumanEval/117 on s0 fired=True cap=False extract=True ctok=2531 235.7s
[247/984] HumanEval/129 off s0 fired=False cap=False extract=True ctok=791 36.7s
[248/984] HumanEval/109 on s0 fired=True cap=False extract=True ctok=4153 349.0s
[249/984] HumanEval/113 on s0 fired=True cap=False extract=True ctok=3843 314.6s
[250/984] HumanEval/131 off s0 fired=False cap=False extract=True ctok=173 9.8s
[251/984] HumanEval/99 on s0 fired=True cap=False extract=True ctok=6763 542.9s
[252/984] HumanEval/130 off s0 fired=False cap=False extract=True ctok=848 57.5s
[253/984] HumanEval/132 off s0 fired=False cap=False extract=True ctok=523 30.8s
[254/984] HumanEval/133 off s0 fired=False cap=False extract=True ctok=206 9.8s
[255/984] HumanEval/134 off s0 fired=False cap=False extract=True ctok=294 13.7s
[256/984] HumanEval/128 on s0 fired=True cap=False extract=True ctok=1833 139.4s
[257/984] HumanEval/126 on s0 fired=True cap=False extract=True ctok=2260 183.7s
[258/984] HumanEval/135 off s0 fired=False cap=False extract=True ctok=146 7.3s
[259/984] HumanEval/136 off s0 fired=False cap=False extract=True ctok=206 9.2s
[260/984] HumanEval/127 on s0 fired=True cap=False extract=True ctok=2136 174.7s
[261/984] HumanEval/125 on s0 fired=True cap=False extract=True ctok=2663 220.2s
[262/984] HumanEval/137 off s0 fired=False cap=False extract=True ctok=320 13.1s
[263/984] HumanEval/131 on s0 fired=True cap=False extract=True ctok=1599 133.4s
[264/984] HumanEval/138 off s0 fired=False cap=False extract=True ctok=377 22.1s
[265/984] HumanEval/139 off s0 fired=False cap=False extract=True ctok=183 9.4s
[266/984] HumanEval/124 on s0 fired=True cap=False extract=True ctok=3512 294.2s
[267/984] HumanEval/119 on s0 fired=True cap=False extract=True ctok=4045 368.9s
[268/984] HumanEval/140 off s0 fired=False cap=False extract=True ctok=239 11.1s
[269/984] HumanEval/136 on s0 fired=True cap=False extract=True ctok=1032 79.7s
[270/984] HumanEval/141 off s0 fired=False cap=False extract=True ctok=447 20.5s
[271/984] HumanEval/142 off s0 fired=False cap=False extract=True ctok=250 11.3s
[272/984] HumanEval/135 on s0 fired=True cap=False extract=True ctok=1685 138.3s
[273/984] HumanEval/143 off s0 fired=False cap=False extract=True ctok=100 5.3s
[274/984] HumanEval/133 on s0 fired=True cap=False extract=True ctok=2153 198.9s
[275/984] HumanEval/144 off s0 fired=False cap=False extract=True ctok=69 5.1s
[276/984] HumanEval/123 on s0 fired=True cap=False extract=True ctok=4834 409.1s
[277/984] HumanEval/137 on s0 fired=True cap=False extract=True ctok=1922 162.0s
[278/984] HumanEval/138 on s0 fired=True cap=False extract=True ctok=1716 149.0s
[279/984] HumanEval/145 off s0 fired=False cap=False extract=True ctok=116 8.5s
[280/984] HumanEval/140 on s0 fired=True cap=False extract=True ctok=1306 118.5s
[281/984] HumanEval/146 off s0 fired=False cap=False extract=True ctok=215 7.9s
[282/984] HumanEval/139 on s0 fired=True cap=False extract=False ctok=1946 151.0s
[283/984] HumanEval/147 off s0 fired=False cap=False extract=True ctok=445 19.6s
[284/984] HumanEval/143 on s0 fired=True cap=False extract=True ctok=1309 100.2s
[285/984] HumanEval/149 off s0 fired=False cap=False extract=True ctok=67 5.7s
[286/984] HumanEval/148 off s0 fired=False cap=False extract=True ctok=547 35.8s
[287/984] HumanEval/150 off s0 fired=False cap=False extract=True ctok=166 5.4s
[288/984] HumanEval/142 on s0 fired=True cap=False extract=False ctok=2322 180.5s
[289/984] HumanEval/151 off s0 fired=False cap=False extract=True ctok=194 6.5s
[290/984] HumanEval/116 on s0 fired=True cap=True extract=False ctok=12288 613.8s
[291/984] HumanEval/144 on s0 fired=True cap=False extract=True ctok=1934 147.3s
[292/984] HumanEval/152 off s0 fired=False cap=False extract=True ctok=264 12.7s
[293/984] HumanEval/153 off s0 fired=False cap=False extract=True ctok=372 14.7s
[294/984] HumanEval/149 on s0 fired=True cap=False extract=True ctok=1200 108.3s
[295/984] HumanEval/130 on s0 fired=True cap=False extract=True ctok=5007 411.2s
[296/984] HumanEval/154 off s0 fired=False cap=False extract=True ctok=282 18.2s
[297/984] HumanEval/155 off s0 fired=False cap=False extract=True ctok=137 7.3s
[298/984] HumanEval/134 on s0 fired=True cap=False extract=True ctok=4516 374.0s
[299/984] HumanEval/148 on s0 fired=True cap=False extract=True ctok=1897 155.4s
[300/984] HumanEval/156 off s0 fired=False cap=False extract=True ctok=305 12.7s
[301/984] HumanEval/157 off s0 fired=False cap=False extract=True ctok=175 9.7s
[302/984] HumanEval/155 on s0 fired=True cap=False extract=True ctok=790 65.0s
[303/984] HumanEval/158 off s0 fired=False cap=False extract=True ctok=116 6.6s
[304/984] HumanEval/146 on s0 fired=True cap=False extract=True ctok=2594 205.8s
[305/984] HumanEval/151 on s0 fired=True cap=False extract=True ctok=1739 145.2s
[306/984] HumanEval/159 off s0 fired=False cap=False extract=True ctok=348 16.0s
[307/984] HumanEval/141 on s0 fired=True cap=False extract=True ctok=3747 342.1s
[308/984] HumanEval/152 on s0 fired=True cap=False extract=True ctok=1769 149.5s
[309/984] HumanEval/153 on s0 fired=True cap=False extract=True ctok=1647 145.0s
[310/984] HumanEval/161 off s0 fired=False cap=False extract=True ctok=189 9.7s
[311/984] HumanEval/157 on s0 fired=True cap=False extract=True ctok=1119 89.9s
[312/984] HumanEval/162 off s0 fired=False cap=False extract=True ctok=115 3.2s
[313/984] HumanEval/163 off s0 fired=False cap=False extract=True ctok=156 7.6s
[314/984] HumanEval/150 on s0 fired=True cap=False extract=True ctok=2517 223.8s
[315/984] HumanEval/0 off s1 fired=False cap=False extract=True ctok=285 15.0s
[316/984] HumanEval/156 on s0 fired=True cap=False extract=True ctok=1759 128.9s
[317/984] HumanEval/159 on s0 fired=True cap=False extract=True ctok=1179 91.0s
[318/984] HumanEval/1 off s1 fired=False cap=False extract=True ctok=243 13.7s
[319/984] HumanEval/160 off s0 fired=False cap=False extract=True ctok=1199 83.6s
[320/984] HumanEval/2 off s1 fired=False cap=False extract=True ctok=95 4.8s
[321/984] HumanEval/3 off s1 fired=False cap=False extract=True ctok=156 4.8s
[322/984] HumanEval/162 on s0 fired=True cap=False extract=True ctok=1024 93.3s
[323/984] HumanEval/161 on s0 fired=True cap=False extract=True ctok=1177 104.6s
[324/984] HumanEval/2 on s1 fired=True cap=False extract=True ctok=788 69.0s
[325/984] HumanEval/3 on s1 fired=True cap=False extract=True ctok=820 61.6s
[326/984] HumanEval/5 off s1 fired=False cap=False extract=True ctok=248 13.8s
[327/984] HumanEval/4 off s1 fired=False cap=False extract=True ctok=573 38.2s
[328/984] HumanEval/160 on s0 fired=True cap=False extract=True ctok=1845 171.3s
[329/984] HumanEval/158 on s0 fired=True cap=False extract=True ctok=2345 199.0s
[330/984] HumanEval/147 on s0 fired=True cap=False extract=True ctok=4749 383.2s
[331/984] HumanEval/7 off s1 fired=False cap=False extract=True ctok=108 5.9s
[332/984] HumanEval/0 on s1 fired=True cap=False extract=True ctok=1508 125.6s
[333/984] HumanEval/9 off s1 fired=False cap=False extract=True ctok=148 5.1s
[334/984] HumanEval/6 off s1 fired=False cap=False extract=True ctok=315 17.5s
[335/984] HumanEval/8 off s1 fired=False cap=False extract=True ctok=269 12.5s
[336/984] HumanEval/10 off s1 fired=False cap=False extract=True ctok=186 8.9s
[337/984] HumanEval/129 on s0 fired=True cap=False extract=True ctok=7831 708.8s
[338/984] HumanEval/11 off s1 fired=False cap=False extract=True ctok=198 10.5s
[339/984] HumanEval/163 on s0 fired=True cap=False extract=True ctok=1925 159.4s
[340/984] HumanEval/12 off s1 fired=False cap=False extract=True ctok=197 10.1s
[341/984] HumanEval/4 on s1 fired=True cap=False extract=True ctok=1410 116.5s
[342/984] HumanEval/8 on s1 fired=True cap=False extract=True ctok=792 59.9s
[343/984] HumanEval/13 off s1 fired=False cap=False extract=True ctok=257 20.0s
[344/984] HumanEval/1 on s1 fired=True cap=False extract=True ctok=1761 166.1s
[345/984] HumanEval/15 off s1 fired=False cap=False extract=True ctok=91 4.7s
[346/984] HumanEval/14 off s1 fired=False cap=False extract=True ctok=160 10.5s
[347/984] HumanEval/16 off s1 fired=False cap=False extract=True ctok=78 4.5s
[348/984] HumanEval/5 on s1 fired=True cap=False extract=True ctok=1403 118.4s
[349/984] HumanEval/154 on s0 fired=True cap=False extract=True ctok=3803 338.1s
[350/984] HumanEval/9 on s1 fired=True cap=False extract=True ctok=1091 85.3s
[351/984] HumanEval/17 off s1 fired=False cap=False extract=True ctok=279 12.0s
[352/984] HumanEval/7 on s1 fired=True cap=False extract=True ctok=1203 103.6s
[353/984] HumanEval/18 off s1 fired=False cap=False extract=True ctok=244 16.4s
[354/984] HumanEval/14 on s1 fired=True cap=False extract=True ctok=759 64.8s
[355/984] HumanEval/19 off s1 fired=False cap=False extract=True ctok=175 8.7s
[356/984] HumanEval/15 on s1 fired=True cap=False extract=True ctok=576 51.0s
[357/984] HumanEval/6 on s1 fired=True cap=False extract=True ctok=1521 131.0s
[358/984] HumanEval/21 off s1 fired=False cap=False extract=True ctok=191 6.8s
[359/984] HumanEval/12 on s1 fired=True cap=False extract=True ctok=1099 95.8s
[360/984] HumanEval/20 off s1 fired=False cap=False extract=True ctok=437 22.0s
[361/984] HumanEval/118 on s0 fired=True cap=True extract=False ctok=12288 998.9s
[362/984] HumanEval/22 off s1 fired=False cap=False extract=True ctok=318 20.2s
[363/984] HumanEval/23 off s1 fired=False cap=False extract=True ctok=151 12.7s
[364/984] HumanEval/11 on s1 fired=True cap=False extract=True ctok=1435 129.1s
[365/984] HumanEval/24 off s1 fired=False cap=False extract=True ctok=89 2.6s
[366/984] HumanEval/17 on s1 fired=True cap=False extract=True ctok=974 80.4s
[367/984] HumanEval/16 on s1 fired=True cap=False extract=True ctok=947 88.7s
[368/984] HumanEval/25 off s1 fired=False cap=False extract=True ctok=427 25.9s
[369/984] HumanEval/13 on s1 fired=True cap=False extract=True ctok=1580 139.3s
[370/984] HumanEval/27 off s1 fired=False cap=False extract=True ctok=59 1.3s
[371/984] HumanEval/28 off s1 fired=False cap=False extract=True ctok=68 4.1s
[372/984] HumanEval/26 off s1 fired=False cap=False extract=True ctok=429 23.0s
[373/984] HumanEval/29 off s1 fired=False cap=False extract=True ctok=175 10.4s
[374/984] HumanEval/18 on s1 fired=True cap=False extract=True ctok=1517 113.6s
[375/984] HumanEval/30 off s1 fired=False cap=False extract=True ctok=139 6.6s
[376/984] HumanEval/22 on s1 fired=True cap=False extract=True ctok=1101 105.6s
[377/984] HumanEval/23 on s1 fired=True cap=False extract=True ctok=1024 103.5s
[378/984] HumanEval/28 on s1 fired=True cap=False extract=True ctok=611 61.2s
[379/984] HumanEval/30 on s1 fired=True cap=False extract=True ctok=640 50.3s
[380/984] HumanEval/19 on s1 fired=True cap=False extract=True ctok=1740 149.9s
[381/984] HumanEval/31 off s1 fired=False cap=False extract=True ctok=659 33.1s
[382/984] HumanEval/21 on s1 fired=True cap=False extract=True ctok=1624 144.5s
[383/984] HumanEval/27 on s1 fired=True cap=False extract=True ctok=938 97.0s
[384/984] HumanEval/29 on s1 fired=True cap=False extract=True ctok=963 89.8s
[385/984] HumanEval/34 off s1 fired=False cap=False extract=True ctok=221 17.1s
[386/984] HumanEval/35 off s1 fired=False cap=False extract=True ctok=97 5.5s
[387/984] HumanEval/36 off s1 fired=False cap=False extract=True ctok=139 7.1s
[388/984] HumanEval/33 off s1 fired=False cap=False extract=True ctok=641 39.5s
[389/984] HumanEval/32 off s1 fired=False cap=False extract=True ctok=871 55.6s
[390/984] HumanEval/37 off s1 fired=False cap=False extract=True ctok=259 16.6s
[391/984] HumanEval/26 on s1 fired=True cap=False extract=True ctok=1901 172.9s
[392/984] HumanEval/38 off s1 fired=False cap=False extract=True ctok=507 34.9s
[393/984] HumanEval/34 on s1 fired=True cap=False extract=True ctok=997 88.4s
[394/984] HumanEval/39 off s1 fired=False cap=False extract=True ctok=269 11.9s
[395/984] HumanEval/35 on s1 fired=True cap=False extract=True ctok=943 90.6s
[396/984] HumanEval/40 off s1 fired=False cap=False extract=True ctok=290 13.2s
[397/984] HumanEval/24 on s1 fired=True cap=False extract=True ctok=2830 235.4s
[398/984] HumanEval/41 off s1 fired=False cap=False extract=True ctok=202 10.9s
[399/984] HumanEval/42 off s1 fired=False cap=False extract=True ctok=132 6.3s
[400/984] HumanEval/37 on s1 fired=True cap=False extract=True ctok=1435 108.4s
[401/984] HumanEval/25 on s1 fired=True cap=False extract=True ctok=3215 248.5s
[402/984] HumanEval/20 on s1 fired=True cap=False extract=True ctok=3314 286.2s
[403/984] HumanEval/43 off s1 fired=False cap=False extract=True ctok=201 7.0s
[404/984] HumanEval/145 on s0 fired=True cap=False extract=True ctok=9778 794.6s
[405/984] HumanEval/36 on s1 fired=True cap=False extract=True ctok=1815 129.0s
[406/984] HumanEval/44 off s1 fired=False cap=False extract=True ctok=156 7.4s
[407/984] HumanEval/45 off s1 fired=False cap=False extract=True ctok=60 3.9s
[408/984] HumanEval/33 on s1 fired=True cap=False extract=True ctok=2066 176.9s
[409/984] HumanEval/42 on s1 fired=True cap=False extract=True ctok=655 54.7s
[410/984] HumanEval/10 on s1 fired=True cap=False extract=True ctok=4853 414.5s
[411/984] HumanEval/45 on s1 fired=True cap=False extract=True ctok=414 39.5s
[412/984] HumanEval/31 on s1 fired=True cap=False extract=True ctok=2710 229.6s
[413/984] HumanEval/48 off s1 fired=False cap=False extract=True ctok=161 13.2s
[414/984] HumanEval/47 off s1 fired=False cap=False extract=True ctok=507 23.4s
[415/984] HumanEval/46 off s1 fired=False cap=False extract=True ctok=790 44.6s
[416/984] HumanEval/50 off s1 fired=False cap=False extract=True ctok=133 4.4s
[417/984] HumanEval/51 off s1 fired=False cap=False extract=True ctok=168 8.0s
[418/984] HumanEval/41 on s1 fired=True cap=False extract=True ctok=1227 126.6s
[419/984] HumanEval/49 off s1 fired=False cap=False extract=True ctok=503 39.7s
[420/984] HumanEval/52 off s1 fired=False cap=False extract=True ctok=168 12.0s
[421/984] HumanEval/44 on s1 fired=True cap=False extract=True ctok=1240 95.1s
[422/984] HumanEval/53 off s1 fired=False cap=False extract=True ctok=147 13.6s
[423/984] HumanEval/54 off s1 fired=False cap=False extract=True ctok=155 7.5s
[424/984] HumanEval/52 on s1 fired=True cap=False extract=True ctok=767 65.4s
[425/984] HumanEval/38 on s1 fired=True cap=False extract=True ctok=2630 245.2s
[426/984] HumanEval/53 on s1 fired=True cap=False extract=True ctok=623 61.4s
[427/984] HumanEval/55 off s1 fired=False cap=False extract=True ctok=279 18.1s
[428/984] HumanEval/132 on s0 fired=True cap=True extract=False ctok=12288 1171.0s
[429/984] HumanEval/56 off s1 fired=False cap=False extract=True ctok=157 7.9s
[430/984] HumanEval/57 off s1 fired=False cap=False extract=True ctok=168 8.9s
[431/984] HumanEval/43 on s1 fired=True cap=False extract=True ctok=2053 175.4s
[432/984] HumanEval/58 off s1 fired=False cap=False extract=True ctok=142 6.7s
[433/984] HumanEval/59 off s1 fired=False cap=False extract=True ctok=207 10.5s
[434/984] HumanEval/50 on s1 fired=True cap=False extract=True ctok=1376 127.3s
[435/984] HumanEval/60 off s1 fired=False cap=False extract=True ctok=430 24.6s
[436/984] HumanEval/54 on s1 fired=True cap=False extract=True ctok=1294 105.6s
[437/984] HumanEval/55 on s1 fired=True cap=False extract=True ctok=1363 91.7s
[438/984] HumanEval/58 on s1 fired=True cap=False extract=True ctok=774 61.7s
[439/984] HumanEval/61 off s1 fired=False cap=False extract=True ctok=492 25.0s
[440/984] HumanEval/46 on s1 fired=True cap=False extract=True ctok=2911 222.7s
[441/984] HumanEval/62 off s1 fired=False cap=False extract=True ctok=248 18.4s
[442/984] HumanEval/39 on s1 fired=True cap=False extract=True ctok=3750 312.3s
[443/984] HumanEval/60 on s1 fired=True cap=False extract=True ctok=803 65.7s
[444/984] HumanEval/63 off s1 fired=False cap=False extract=True ctok=249 12.0s
[445/984] HumanEval/51 on s1 fired=True cap=False extract=True ctok=2240 193.4s
[446/984] HumanEval/49 on s1 fired=True cap=False extract=True ctok=2437 213.8s
[447/984] HumanEval/64 off s1 fired=False cap=False extract=True ctok=444 23.1s
[448/984] HumanEval/66 off s1 fired=False cap=False extract=True ctok=186 11.3s
[449/984] HumanEval/65 off s1 fired=False cap=False extract=True ctok=509 29.4s
[450/984] HumanEval/40 on s1 fired=True cap=False extract=True ctok=3741 331.8s
[451/984] HumanEval/56 on s1 fired=True cap=False extract=True ctok=1497 143.5s
[452/984] HumanEval/47 on s1 fired=True cap=False extract=True ctok=3587 277.9s
[453/984] HumanEval/69 off s1 fired=False cap=False extract=True ctok=233 11.6s
[454/984] HumanEval/57 on s1 fired=True cap=False extract=True ctok=1697 153.5s
[455/984] HumanEval/67 off s1 fired=False cap=False extract=True ctok=457 31.8s
[456/984] HumanEval/70 off s1 fired=False cap=False extract=True ctok=180 6.6s
[457/984] HumanEval/68 off s1 fired=False cap=False extract=True ctok=643 31.2s
[458/984] HumanEval/71 off s1 fired=False cap=False extract=True ctok=240 12.1s
[459/984] HumanEval/72 off s1 fired=False cap=False extract=True ctok=248 10.5s
[460/984] HumanEval/66 on s1 fired=True cap=False extract=True ctok=1026 81.7s
[461/984] HumanEval/61 on s1 fired=True cap=False extract=True ctok=1406 129.6s
[462/984] HumanEval/67 on s1 fired=True cap=False extract=True ctok=1128 93.8s
[463/984] HumanEval/73 off s1 fired=False cap=False extract=True ctok=579 33.3s
[464/984] HumanEval/74 off s1 fired=False cap=False extract=True ctok=242 8.1s
[465/984] HumanEval/65 on s1 fired=True cap=False extract=True ctok=1903 150.0s
[466/984] HumanEval/72 on s1 fired=True cap=False extract=True ctok=940 76.1s
[467/984] HumanEval/76 off s1 fired=False cap=False extract=True ctok=205 10.6s
[468/984] HumanEval/75 off s1 fired=False cap=False extract=True ctok=533 38.8s
[469/984] HumanEval/77 off s1 fired=False cap=False extract=True ctok=176 9.5s
[470/984] HumanEval/74 on s1 fired=True cap=False extract=True ctok=1044 80.9s
[471/984] HumanEval/68 on s1 fired=True cap=False extract=True ctok=1835 151.4s
[472/984] HumanEval/73 on s1 fired=True cap=False extract=True ctok=1262 95.2s
[473/984] HumanEval/78 off s1 fired=False cap=False extract=True ctok=232 15.4s
[474/984] HumanEval/59 on s1 fired=True cap=False extract=True ctok=3370 275.3s
[475/984] HumanEval/80 off s1 fired=False cap=False extract=True ctok=195 6.4s
[476/984] HumanEval/71 on s1 fired=True cap=False extract=True ctok=1808 141.9s
[477/984] HumanEval/63 on s1 fired=True cap=False extract=True ctok=2947 218.1s
[478/984] HumanEval/79 off s1 fired=False cap=False extract=True ctok=322 23.8s
[479/984] HumanEval/69 on s1 fired=True cap=False extract=True ctok=1909 161.4s
[480/984] HumanEval/81 off s1 fired=False cap=False extract=True ctok=279 14.0s
[481/984] HumanEval/32 on s1 fired=True cap=False extract=True ctok=6746 619.4s
[482/984] HumanEval/64 on s1 fired=True cap=False extract=True ctok=2909 232.3s
[483/984] HumanEval/82 off s1 fired=False cap=False extract=True ctok=494 25.5s
[484/984] HumanEval/79 on s1 fired=True cap=False extract=True ctok=740 59.4s
[485/984] HumanEval/83 off s1 fired=False cap=False extract=True ctok=543 32.7s
[486/984] HumanEval/85 off s1 fired=False cap=False extract=True ctok=88 5.1s
[487/984] HumanEval/78 on s1 fired=True cap=False extract=True ctok=1064 80.5s
[488/984] HumanEval/84 off s1 fired=False cap=False extract=True ctok=435 26.5s
[489/984] HumanEval/86 off s1 fired=False cap=False extract=True ctok=271 13.8s
[490/984] HumanEval/87 off s1 fired=False cap=False extract=True ctok=356 15.9s
[491/984] HumanEval/88 off s1 fired=False cap=False extract=True ctok=267 12.2s
[492/984] HumanEval/80 on s1 fired=True cap=False extract=True ctok=1269 112.6s
[493/984] HumanEval/85 on s1 fired=True cap=False extract=True ctok=851 68.2s
[494/984] HumanEval/48 on s1 fired=True cap=True extract=False ctok=12288 516.4s
[495/984] HumanEval/62 on s1 fired=True cap=False extract=True ctok=3742 342.8s
[496/984] HumanEval/82 on s1 fired=True cap=False extract=True ctok=1343 108.5s
[497/984] HumanEval/89 off s1 fired=False cap=False extract=True ctok=424 26.9s
[498/984] HumanEval/84 on s1 fired=True cap=False extract=True ctok=1587 122.2s
[499/984] HumanEval/75 on s1 fired=True cap=False extract=True ctok=2527 219.2s
[500/984] HumanEval/90 off s1 fired=False cap=False extract=True ctok=635 35.2s
[501/984] HumanEval/91 off s1 fired=False cap=False extract=True ctok=463 30.1s
[502/984] HumanEval/92 off s1 fired=False cap=False extract=True ctok=212 10.5s
[503/984] HumanEval/93 off s1 fired=False cap=False extract=True ctok=400 23.6s
[504/984] HumanEval/94 off s1 fired=False cap=False extract=True ctok=455 18.3s
[505/984] HumanEval/95 off s1 fired=False cap=False extract=True ctok=295 13.4s
[506/984] HumanEval/88 on s1 fired=True cap=False extract=True ctok=1569 127.5s
[507/984] HumanEval/90 on s1 fired=True cap=False extract=True ctok=1293 99.2s
[508/984] HumanEval/96 off s1 fired=False cap=False extract=True ctok=291 14.1s
[509/984] HumanEval/97 off s1 fired=False cap=False extract=True ctok=140 7.0s
[510/984] HumanEval/87 on s1 fired=True cap=False extract=True ctok=2056 160.0s
[511/984] HumanEval/98 off s1 fired=False cap=False extract=True ctok=149 5.6s
[512/984] HumanEval/70 on s1 fired=True cap=False extract=True ctok=4698 371.3s
[513/984] HumanEval/89 on s1 fired=True cap=False extract=True ctok=1780 156.1s
[514/984] HumanEval/97 on s1 fired=True cap=False extract=True ctok=811 57.9s
[515/984] HumanEval/99 off s1 fired=False cap=False extract=True ctok=585 36.4s
[516/984] HumanEval/95 on s1 fired=True cap=False extract=True ctok=1172 106.5s
[517/984] HumanEval/83 on s1 fired=True cap=False extract=True ctok=3712 272.9s
[518/984] HumanEval/100 off s1 fired=False cap=False extract=True ctok=408 22.4s
[519/984] HumanEval/86 on s1 fired=True cap=False extract=True ctok=2635 241.4s
[520/984] HumanEval/102 off s1 fired=False cap=False extract=True ctok=182 10.2s
[521/984] HumanEval/101 off s1 fired=False cap=False extract=True ctok=266 19.9s
[522/984] HumanEval/98 on s1 fired=True cap=False extract=True ctok=1093 85.8s
[523/984] HumanEval/103 off s1 fired=False cap=False extract=True ctok=217 8.1s
[524/984] HumanEval/104 off s1 fired=False cap=False extract=True ctok=169 5.6s
[525/984] HumanEval/92 on s1 fired=True cap=False extract=True ctok=2249 186.7s
[526/984] HumanEval/77 on s1 fired=True cap=False extract=True ctok=4391 364.1s
[527/984] HumanEval/105 off s1 fired=False cap=False extract=True ctok=488 22.6s
[528/984] HumanEval/106 off s1 fired=False cap=False extract=True ctok=236 8.3s
[529/984] HumanEval/100 on s1 fired=True cap=False extract=True ctok=1182 106.4s
[530/984] HumanEval/107 off s1 fired=False cap=False extract=True ctok=300 13.1s
[531/984] HumanEval/94 on s1 fired=True cap=False extract=True ctok=2773 225.6s
[532/984] HumanEval/101 on s1 fired=True cap=False extract=True ctok=1221 106.3s
[533/984] HumanEval/108 off s1 fired=False cap=False extract=True ctok=612 38.9s
[534/984] HumanEval/96 on s1 fired=True cap=False extract=True ctok=2539 206.1s
[535/984] HumanEval/109 off s1 fired=False cap=False extract=True ctok=276 16.1s
[536/984] HumanEval/110 off s1 fired=False cap=False extract=True ctok=328 15.9s
[537/984] HumanEval/111 off s1 fired=False cap=False extract=True ctok=242 8.9s
[538/984] HumanEval/104 on s1 fired=True cap=False extract=True ctok=1671 129.5s
[539/984] HumanEval/107 on s1 fired=True cap=False extract=True ctok=1353 101.6s
[540/984] HumanEval/112 off s1 fired=False cap=False extract=True ctok=85 5.6s
[541/984] HumanEval/113 off s1 fired=False cap=False extract=True ctok=267 10.9s
[542/984] HumanEval/103 on s1 fired=True cap=False extract=True ctok=2040 160.9s
[543/984] HumanEval/112 on s1 fired=True cap=False extract=True ctok=962 76.3s
[544/984] HumanEval/114 off s1 fired=False cap=False extract=True ctok=699 39.4s
[545/984] HumanEval/105 on s1 fired=True cap=False extract=True ctok=2535 194.1s
[546/984] HumanEval/102 on s1 fired=True cap=False extract=True ctok=2871 217.2s
[547/984] HumanEval/115 off s1 fired=False cap=False extract=True ctok=639 28.5s
[548/984] HumanEval/116 off s1 fired=False cap=False extract=True ctok=512 34.7s
[549/984] HumanEval/81 on s1 fired=True cap=False extract=True ctok=7046 540.7s
[550/984] HumanEval/110 on s1 fired=True cap=False extract=True ctok=1841 160.6s
[551/984] HumanEval/117 off s1 fired=False cap=False extract=True ctok=292 11.2s
[552/984] HumanEval/106 on s1 fired=True cap=False extract=True ctok=2961 240.8s
[553/984] HumanEval/118 off s1 fired=False cap=False extract=True ctok=265 9.7s
[554/984] HumanEval/119 off s1 fired=False cap=False extract=True ctok=291 13.3s
[555/984] HumanEval/114 on s1 fired=True cap=False extract=True ctok=1724 134.7s
[556/984] HumanEval/120 off s1 fired=False cap=False extract=True ctok=281 10.6s
[557/984] HumanEval/108 on s1 fired=True cap=False extract=True ctok=2999 247.5s
[558/984] HumanEval/93 on s1 fired=True cap=False extract=True ctok=5109 455.9s
[559/984] HumanEval/111 on s1 fired=True cap=False extract=True ctok=2396 211.9s
[560/984] HumanEval/121 off s1 fired=False cap=False extract=True ctok=479 23.7s
[561/984] HumanEval/122 off s1 fired=False cap=False extract=True ctok=314 15.4s
[562/984] HumanEval/109 on s1 fired=True cap=False extract=True ctok=3084 246.8s
[563/984] HumanEval/123 off s1 fired=False cap=False extract=True ctok=383 19.7s
[564/984] HumanEval/115 on s1 fired=True cap=False extract=True ctok=1497 136.5s
[565/984] HumanEval/124 off s1 fired=False cap=False extract=True ctok=513 20.6s
[566/984] HumanEval/91 on s1 fired=True cap=False extract=True ctok=5611 529.8s
[567/984] HumanEval/125 off s1 fired=False cap=False extract=True ctok=437 26.1s
[568/984] HumanEval/126 off s1 fired=False cap=False extract=True ctok=668 29.5s
[569/984] HumanEval/121 on s1 fired=True cap=False extract=True ctok=1312 108.7s
[570/984] HumanEval/117 on s1 fired=True cap=False extract=True ctok=1999 164.6s
[571/984] HumanEval/128 off s1 fired=False cap=False extract=True ctok=203 10.1s
[572/984] HumanEval/127 off s1 fired=False cap=False extract=True ctok=530 28.5s
[573/984] HumanEval/122 on s1 fired=True cap=False extract=True ctok=1648 136.6s
[574/984] HumanEval/129 off s1 fired=False cap=False extract=True ctok=630 41.7s
[575/984] HumanEval/120 on s1 fired=True cap=False extract=True ctok=2235 190.9s
[576/984] HumanEval/130 off s1 fired=False cap=False extract=True ctok=613 43.3s
[577/984] HumanEval/128 on s1 fired=True cap=False extract=True ctok=1454 107.9s
[578/984] HumanEval/131 off s1 fired=False cap=False extract=True ctok=137 7.1s
[579/984] HumanEval/125 on s1 fired=True cap=False extract=True ctok=2359 213.3s
[580/984] HumanEval/126 on s1 fired=True cap=False extract=True ctok=2554 213.7s
[581/984] HumanEval/133 off s1 fired=False cap=False extract=True ctok=184 9.0s
[582/984] HumanEval/99 on s1 fired=True cap=True extract=False ctok=12288 655.8s
[583/984] HumanEval/134 off s1 fired=False cap=False extract=True ctok=232 11.6s
[584/984] HumanEval/133 on s1 fired=True cap=False extract=True ctok=1026 77.7s
[585/984] HumanEval/131 on s1 fired=True cap=False extract=True ctok=2205 178.2s
[586/984] HumanEval/135 off s1 fired=False cap=False extract=True ctok=253 15.6s
[587/984] HumanEval/76 on s1 fired=True cap=True extract=False ctok=12288 987.0s
[588/984] HumanEval/136 off s1 fired=False cap=False extract=True ctok=212 9.7s
[589/984] HumanEval/137 off s1 fired=False cap=False extract=True ctok=232 11.0s
[590/984] HumanEval/118 on s1 fired=True cap=False extract=True ctok=4389 407.5s
[591/984] HumanEval/123 on s1 fired=True cap=False extract=True ctok=4414 363.5s
[592/984] HumanEval/138 off s1 fired=False cap=False extract=True ctok=441 23.4s
[593/984] HumanEval/127 on s1 fired=True cap=False extract=True ctok=4223 336.0s
[594/984] HumanEval/139 off s1 fired=False cap=False extract=True ctok=572 33.9s
[595/984] HumanEval/140 off s1 fired=False cap=False extract=True ctok=228 8.5s
[596/984] HumanEval/136 on s1 fired=True cap=False extract=True ctok=1293 99.0s
[597/984] HumanEval/124 on s1 fired=True cap=False extract=True ctok=5170 419.3s
[598/984] HumanEval/141 off s1 fired=False cap=False extract=True ctok=339 13.4s
[599/984] HumanEval/142 off s1 fired=False cap=False extract=True ctok=83 5.1s
[600/984] HumanEval/138 on s1 fired=True cap=False extract=True ctok=1208 105.9s
[601/984] HumanEval/143 off s1 fired=False cap=False extract=True ctok=325 19.3s
[602/984] HumanEval/119 on s1 fired=True cap=False extract=True ctok=6086 531.9s
[603/984] HumanEval/137 on s1 fired=True cap=False extract=True ctok=1666 140.1s
[604/984] HumanEval/144 off s1 fired=False cap=False extract=True ctok=210 12.4s
[605/984] HumanEval/139 on s1 fired=True cap=False extract=True ctok=1581 125.5s
[606/984] HumanEval/145 off s1 fired=False cap=False extract=True ctok=296 15.9s
[607/984] HumanEval/146 off s1 fired=False cap=False extract=True ctok=327 15.0s
[608/984] HumanEval/135 on s1 fired=True cap=False extract=True ctok=2739 238.5s
[609/984] HumanEval/140 on s1 fired=True cap=False extract=True ctok=1830 179.1s
[610/984] HumanEval/147 off s1 fired=False cap=False extract=True ctok=799 50.0s
[611/984] HumanEval/113 on s1 fired=True cap=True extract=False ctok=12288 749.3s
[612/984] HumanEval/148 off s1 fired=False cap=False extract=True ctok=336 12.5s
[613/984] HumanEval/129 on s1 fired=True cap=False extract=True ctok=5368 498.1s
[614/984] HumanEval/144 on s1 fired=True cap=False extract=True ctok=1520 121.5s
[615/984] HumanEval/149 off s1 fired=False cap=False extract=True ctok=157 10.4s
[616/984] HumanEval/150 off s1 fired=False cap=False extract=True ctok=177 5.8s
[617/984] HumanEval/143 on s1 fired=True cap=False extract=True ctok=1982 165.8s
[618/984] HumanEval/151 off s1 fired=False cap=False extract=True ctok=188 9.1s
[619/984] HumanEval/141 on s1 fired=True cap=False extract=True ctok=2122 195.4s
[620/984] HumanEval/152 off s1 fired=False cap=False extract=True ctok=47 4.3s
[621/984] HumanEval/153 off s1 fired=False cap=False extract=True ctok=377 15.6s
[622/984] HumanEval/142 on s1 fired=True cap=False extract=True ctok=2473 204.3s
[623/984] HumanEval/154 off s1 fired=False cap=False extract=True ctok=117 8.4s
[624/984] HumanEval/132 off s1 fired=False cap=False extract=True ctok=6776 466.1s
[625/984] HumanEval/155 off s1 fired=False cap=False extract=True ctok=169 6.7s
[626/984] HumanEval/152 on s1 fired=True cap=False extract=True ctok=928 75.2s
[627/984] HumanEval/156 off s1 fired=False cap=False extract=True ctok=294 10.8s
[628/984] HumanEval/151 on s1 fired=True cap=False extract=True ctok=1306 106.4s
[629/984] HumanEval/149 on s1 fired=True cap=False extract=True ctok=1311 127.1s
[630/984] HumanEval/116 on s1 fired=True cap=True extract=False ctok=12288 809.4s
[631/984] HumanEval/146 on s1 fired=True cap=False extract=True ctok=2768 218.4s
[632/984] HumanEval/158 off s1 fired=False cap=False extract=True ctok=106 6.8s
[633/984] HumanEval/148 on s1 fired=True cap=False extract=True ctok=1857 144.6s
[634/984] HumanEval/157 off s1 fired=False cap=False extract=True ctok=151 7.8s
[635/984] HumanEval/159 off s1 fired=False cap=False extract=True ctok=348 13.7s
[636/984] HumanEval/155 on s1 fired=True cap=False extract=True ctok=1186 98.9s
[637/984] HumanEval/160 off s1 fired=False cap=False extract=True ctok=696 34.0s
[638/984] HumanEval/161 off s1 fired=False cap=False extract=True ctok=197 10.0s
[639/984] HumanEval/162 off s1 fired=False cap=False extract=True ctok=119 6.8s
[640/984] HumanEval/162 on s1 fired=True cap=False extract=True ctok=627 44.3s
[641/984] HumanEval/163 off s1 fired=False cap=False extract=True ctok=156 5.0s
[642/984] HumanEval/159 on s1 fired=True cap=False extract=True ctok=1109 87.9s
[643/984] HumanEval/153 on s1 fired=True cap=False extract=True ctok=2183 191.3s
[644/984] HumanEval/157 on s1 fired=True cap=False extract=True ctok=1232 109.3s
[645/984] HumanEval/150 on s1 fired=True cap=False extract=True ctok=2611 221.8s
[646/984] HumanEval/0 off s2 fired=False cap=False extract=True ctok=277 18.1s
[647/984] HumanEval/156 on s1 fired=True cap=False extract=True ctok=1855 151.6s
[648/984] HumanEval/161 on s1 fired=True cap=False extract=True ctok=1176 106.7s
[649/984] HumanEval/1 off s2 fired=False cap=False extract=True ctok=455 27.0s
[650/984] HumanEval/2 off s2 fired=False cap=False extract=True ctok=271 17.3s
[651/984] HumanEval/3 off s2 fired=False cap=False extract=True ctok=157 7.7s
[652/984] HumanEval/4 off s2 fired=False cap=False extract=True ctok=179 9.3s
[653/984] HumanEval/5 off s2 fired=False cap=False extract=True ctok=265 15.3s
[654/984] HumanEval/2 on s2 fired=True cap=False extract=True ctok=702 60.0s
[655/984] HumanEval/6 off s2 fired=False cap=False extract=True ctok=207 9.8s
[656/984] HumanEval/0 on s2 fired=True cap=False extract=True ctok=1304 102.6s
[657/984] HumanEval/7 off s2 fired=False cap=False extract=True ctok=108 5.5s
[658/984] HumanEval/3 on s2 fired=True cap=False extract=True ctok=1077 97.3s
[659/984] HumanEval/130 on s1 fired=True cap=False extract=True ctok=9688 787.7s
[660/984] HumanEval/154 on s1 fired=True cap=False extract=True ctok=3328 286.3s
[661/984] HumanEval/4 on s2 fired=True cap=False extract=True ctok=1088 89.1s
[662/984] HumanEval/8 off s2 fired=False cap=False extract=True ctok=178 9.2s
[663/984] HumanEval/9 off s2 fired=False cap=False extract=True ctok=148 7.2s
[664/984] HumanEval/147 on s1 fired=True cap=False extract=True ctok=5117 411.0s
[665/984] HumanEval/134 on s1 fired=True cap=True extract=False ctok=12288 680.4s
[666/984] HumanEval/160 on s1 fired=True cap=False extract=True ctok=2550 232.9s
[667/984] HumanEval/1 on s2 fired=True cap=False extract=True ctok=1622 147.0s
[668/984] HumanEval/11 off s2 fired=False cap=False extract=True ctok=283 20.0s
[669/984] HumanEval/10 off s2 fired=False cap=False extract=True ctok=481 33.3s
[670/984] HumanEval/163 on s1 fired=True cap=False extract=True ctok=2596 199.0s
[671/984] HumanEval/13 off s2 fired=False cap=False extract=True ctok=344 18.3s
[672/984] HumanEval/5 on s2 fired=True cap=False extract=True ctok=1633 131.6s
[673/984] HumanEval/7 on s2 fired=True cap=False extract=True ctok=967 86.6s
[674/984] HumanEval/12 off s2 fired=False cap=False extract=True ctok=587 28.0s
[675/984] HumanEval/8 on s2 fired=True cap=False extract=True ctok=885 69.6s
[676/984] HumanEval/14 off s2 fired=False cap=False extract=True ctok=194 14.5s
[677/984] HumanEval/15 off s2 fired=False cap=False extract=True ctok=91 4.9s
[678/984] HumanEval/16 off s2 fired=False cap=False extract=True ctok=78 4.5s
[679/984] HumanEval/6 on s2 fired=True cap=False extract=True ctok=1373 123.1s
[680/984] HumanEval/18 off s2 fired=False cap=False extract=True ctok=150 7.4s
[681/984] HumanEval/17 off s2 fired=False cap=False extract=True ctok=235 10.4s
[682/984] HumanEval/19 off s2 fired=False cap=False extract=True ctok=231 8.5s
[683/984] HumanEval/14 on s2 fired=True cap=False extract=True ctok=644 53.3s
[684/984] HumanEval/132 on s1 fired=True cap=True extract=False ctok=12288 823.1s
[685/984] HumanEval/20 off s2 fired=False cap=False extract=True ctok=440 23.1s
[686/984] HumanEval/9 on s2 fired=True cap=False extract=True ctok=1318 104.0s
[687/984] HumanEval/21 off s2 fired=False cap=False extract=True ctok=165 7.5s
[688/984] HumanEval/22 off s2 fired=False cap=False extract=True ctok=226 16.4s
[689/984] HumanEval/15 on s2 fired=True cap=False extract=True ctok=788 68.3s
[690/984] HumanEval/23 off s2 fired=False cap=False extract=True ctok=69 3.9s
[691/984] HumanEval/16 on s2 fired=True cap=False extract=True ctok=734 69.0s
[692/984] HumanEval/12 on s2 fired=True cap=False extract=True ctok=1368 108.7s
[693/984] HumanEval/17 on s2 fired=True cap=False extract=True ctok=1118 86.0s
[694/984] HumanEval/24 off s2 fired=False cap=False extract=True ctok=330 24.5s
[695/984] HumanEval/23 on s2 fired=True cap=False extract=True ctok=424 43.1s
[696/984] HumanEval/21 on s2 fired=True cap=False extract=True ctok=793 61.2s
[697/984] HumanEval/18 on s2 fired=True cap=False extract=True ctok=1126 95.4s
[698/984] HumanEval/25 off s2 fired=False cap=False extract=True ctok=391 22.5s
[699/984] HumanEval/26 off s2 fired=False cap=False extract=True ctok=265 14.5s
[700/984] HumanEval/28 off s2 fired=False cap=False extract=True ctok=158 10.5s
[701/984] HumanEval/29 off s2 fired=False cap=False extract=True ctok=106 5.4s
[702/984] HumanEval/27 off s2 fired=False cap=False extract=True ctok=250 19.2s
[703/984] HumanEval/30 off s2 fired=False cap=False extract=True ctok=139 4.0s
[704/984] HumanEval/19 on s2 fired=True cap=False extract=True ctok=1446 116.3s
[705/984] HumanEval/13 on s2 fired=True cap=False extract=True ctok=1826 150.7s
[706/984] HumanEval/158 on s1 fired=True cap=False extract=True ctok=4818 415.0s
[707/984] HumanEval/28 on s2 fired=True cap=False extract=True ctok=537 52.9s
[708/984] HumanEval/31 off s2 fired=False cap=False extract=True ctok=564 29.2s
[709/984] HumanEval/30 on s2 fired=True cap=False extract=True ctok=551 41.6s
[710/984] HumanEval/27 on s2 fired=True cap=False extract=True ctok=770 67.6s
[711/984] HumanEval/34 off s2 fired=False cap=False extract=True ctok=87 4.8s
[712/984] HumanEval/29 on s2 fired=True cap=False extract=True ctok=782 69.0s
[713/984] HumanEval/35 off s2 fired=False cap=False extract=True ctok=97 5.1s
[714/984] HumanEval/33 off s2 fired=False cap=False extract=True ctok=556 33.0s
[715/984] HumanEval/26 on s2 fired=True cap=False extract=True ctok=1328 106.0s
[716/984] HumanEval/10 on s2 fired=True cap=False extract=True ctok=3133 255.8s
[717/984] HumanEval/36 off s2 fired=False cap=False extract=True ctok=293 17.3s
[718/984] HumanEval/37 off s2 fired=False cap=False extract=True ctok=215 8.5s
[719/984] HumanEval/32 off s2 fired=False cap=False extract=True ctok=1004 79.9s
[720/984] HumanEval/24 on s2 fired=True cap=False extract=True ctok=2110 164.4s
[721/984] HumanEval/11 on s2 fired=True cap=False extract=True ctok=3114 278.9s
[722/984] HumanEval/34 on s2 fired=True cap=False extract=True ctok=897 75.1s
[723/984] HumanEval/38 off s2 fired=False cap=False extract=True ctok=525 31.0s
[724/984] HumanEval/20 on s2 fired=True cap=False extract=True ctok=3029 232.8s
[725/984] HumanEval/35 on s2 fired=True cap=False extract=True ctok=923 85.6s
[726/984] HumanEval/22 on s2 fired=True cap=False extract=True ctok=2076 206.8s
[727/984] HumanEval/42 off s2 fired=False cap=False extract=True ctok=132 6.6s
[728/984] HumanEval/39 off s2 fired=False cap=False extract=True ctok=566 27.5s
[729/984] HumanEval/41 off s2 fired=False cap=False extract=True ctok=241 14.9s
[730/984] HumanEval/31 on s2 fired=True cap=False extract=True ctok=1816 141.2s
[731/984] HumanEval/44 off s2 fired=False cap=False extract=True ctok=156 7.6s
[732/984] HumanEval/40 off s2 fired=False cap=False extract=True ctok=823 49.8s
[733/984] HumanEval/43 off s2 fired=False cap=False extract=True ctok=434 24.8s
[734/984] HumanEval/45 off s2 fired=False cap=False extract=True ctok=175 7.9s
[735/984] HumanEval/42 on s2 fired=True cap=False extract=True ctok=542 45.4s
[736/984] HumanEval/45 on s2 fired=True cap=False extract=True ctok=407 35.0s
[737/984] HumanEval/25 on s2 fired=True cap=False extract=True ctok=2949 250.8s
[738/984] HumanEval/46 off s2 fired=False cap=False extract=True ctok=604 32.4s
[739/984] HumanEval/47 off s2 fired=False cap=False extract=True ctok=499 22.4s
[740/984] HumanEval/33 on s2 fired=True cap=False extract=True ctok=2142 183.7s
[741/984] HumanEval/38 on s2 fired=True cap=False extract=True ctok=1523 137.8s
[742/984] HumanEval/48 off s2 fired=False cap=False extract=True ctok=377 20.7s
[743/984] HumanEval/50 off s2 fired=False cap=False extract=True ctok=133 6.6s
[744/984] HumanEval/49 off s2 fired=False cap=False extract=True ctok=625 39.7s
[745/984] HumanEval/51 off s2 fired=False cap=False extract=True ctok=144 7.1s
[746/984] HumanEval/48 on s2 fired=True cap=False extract=True ctok=741 69.0s
[747/984] HumanEval/36 on s2 fired=True cap=False extract=True ctok=2709 210.6s
[748/984] HumanEval/52 off s2 fired=False cap=False extract=True ctok=100 5.6s
[749/984] HumanEval/44 on s2 fired=True cap=False extract=True ctok=1711 137.6s
[750/984] HumanEval/41 on s2 fired=True cap=False extract=True ctok=1600 155.6s
[751/984] HumanEval/53 off s2 fired=False cap=False extract=True ctok=145 9.3s
[752/984] HumanEval/54 off s2 fired=False cap=False extract=True ctok=253 18.1s
[753/984] HumanEval/43 on s2 fired=True cap=False extract=True ctok=2059 169.5s
[754/984] HumanEval/55 off s2 fired=False cap=False extract=True ctok=216 10.6s
[755/984] HumanEval/53 on s2 fired=True cap=False extract=True ctok=517 47.3s
[756/984] HumanEval/37 on s2 fired=True cap=False extract=True ctok=3215 252.8s
[757/984] HumanEval/52 on s2 fired=True cap=False extract=True ctok=779 67.5s
[758/984] HumanEval/57 off s2 fired=False cap=False extract=True ctok=152 5.0s
[759/984] HumanEval/51 on s2 fired=True cap=False extract=True ctok=1152 104.5s
[760/984] HumanEval/50 on s2 fired=True cap=False extract=True ctok=1255 113.5s
[761/984] HumanEval/58 off s2 fired=False cap=False extract=True ctok=142 6.9s
[762/984] HumanEval/56 off s2 fired=False cap=False extract=True ctok=599 35.0s
[763/984] HumanEval/59 off s2 fired=False cap=False extract=True ctok=207 13.4s
[764/984] HumanEval/60 off s2 fired=False cap=False extract=True ctok=125 6.4s
[765/984] HumanEval/61 off s2 fired=False cap=False extract=True ctok=154 7.7s
[766/984] HumanEval/145 on s1 fired=True cap=True extract=False ctok=12288 978.0s
[767/984] HumanEval/62 off s2 fired=False cap=False extract=True ctok=137 6.5s
[768/984] HumanEval/49 on s2 fired=True cap=False extract=True ctok=2473 188.2s
[769/984] HumanEval/58 on s2 fired=True cap=False extract=True ctok=859 68.6s
[770/984] HumanEval/60 on s2 fired=True cap=False extract=True ctok=1051 86.0s
[771/984] HumanEval/40 on s2 fired=True cap=False extract=True ctok=3588 316.2s
[772/984] HumanEval/63 off s2 fired=False cap=False extract=True ctok=637 34.7s
[773/984] HumanEval/54 on s2 fired=True cap=False extract=True ctok=1781 158.2s
[774/984] HumanEval/64 off s2 fired=False cap=False extract=True ctok=287 15.1s
[775/984] HumanEval/46 on s2 fired=True cap=False extract=True ctok=3351 276.7s
[776/984] HumanEval/66 off s2 fired=False cap=False extract=True ctok=153 5.0s
[777/984] HumanEval/55 on s2 fired=True cap=False extract=True ctok=2280 164.4s
[778/984] HumanEval/61 on s2 fired=True cap=False extract=True ctok=1144 106.8s
[779/984] HumanEval/65 off s2 fired=False cap=False extract=True ctok=415 25.9s
[780/984] HumanEval/56 on s2 fired=True cap=False extract=True ctok=1696 156.9s
[781/984] HumanEval/67 off s2 fired=False cap=False extract=True ctok=470 22.8s
[782/984] HumanEval/68 off s2 fired=False cap=False extract=True ctok=426 16.4s
[783/984] HumanEval/69 off s2 fired=False cap=False extract=True ctok=244 8.7s
[784/984] HumanEval/70 off s2 fired=False cap=False extract=True ctok=228 10.7s
[785/984] HumanEval/57 on s2 fired=True cap=False extract=True ctok=2017 166.0s
[786/984] HumanEval/39 on s2 fired=True cap=False extract=True ctok=4250 382.4s
[787/984] HumanEval/71 off s2 fired=False cap=False extract=True ctok=254 9.4s
[788/984] HumanEval/72 off s2 fired=False cap=False extract=True ctok=299 11.8s
[789/984] HumanEval/66 on s2 fired=True cap=False extract=False ctok=1029 92.5s
[790/984] HumanEval/73 off s2 fired=False cap=False extract=True ctok=565 30.7s
[791/984] HumanEval/67 on s2 fired=True cap=False extract=True ctok=1101 95.9s
[792/984] HumanEval/74 off s2 fired=False cap=False extract=True ctok=251 11.1s
[793/984] HumanEval/63 on s2 fired=True cap=False extract=True ctok=2218 172.9s
[794/984] HumanEval/72 on s2 fired=True cap=False extract=True ctok=709 63.6s
[795/984] HumanEval/75 off s2 fired=False cap=False extract=True ctok=194 8.0s
[796/984] HumanEval/76 off s2 fired=False cap=False extract=True ctok=90 3.8s
[797/984] HumanEval/62 on s2 fired=True cap=False extract=True ctok=2408 202.1s
[798/984] HumanEval/59 on s2 fired=True cap=False extract=True ctok=2773 231.9s
[799/984] HumanEval/77 off s2 fired=False cap=False extract=True ctok=224 13.8s
[800/984] HumanEval/78 off s2 fired=False cap=False extract=True ctok=65 4.5s
[801/984] HumanEval/68 on s2 fired=True cap=False extract=True ctok=1543 124.4s
[802/984] HumanEval/79 off s2 fired=False cap=False extract=True ctok=48 4.8s
[803/984] HumanEval/80 off s2 fired=False cap=False extract=True ctok=195 6.2s
[804/984] HumanEval/73 on s2 fired=True cap=False extract=True ctok=1241 96.9s
[805/984] HumanEval/65 on s2 fired=True cap=False extract=True ctok=1941 170.8s
[806/984] HumanEval/81 off s2 fired=False cap=False extract=True ctok=306 14.3s
[807/984] HumanEval/82 off s2 fired=False cap=False extract=True ctok=76 2.1s
[808/984] HumanEval/69 on s2 fired=True cap=False extract=True ctok=1875 149.5s
[809/984] HumanEval/79 on s2 fired=True cap=False extract=True ctok=783 67.2s
[810/984] HumanEval/78 on s2 fired=True cap=False extract=True ctok=1022 78.4s
[811/984] HumanEval/83 off s2 fired=False cap=False extract=True ctok=562 33.7s
[812/984] HumanEval/74 on s2 fired=True cap=False extract=False ctok=1437 116.5s
[813/984] HumanEval/85 off s2 fired=False cap=False extract=True ctok=89 5.7s
[814/984] HumanEval/84 off s2 fired=False cap=False extract=True ctok=366 23.7s
[815/984] HumanEval/86 off s2 fired=False cap=False extract=True ctok=68 7.6s
[816/984] HumanEval/64 on s2 fired=True cap=False extract=True ctok=3295 282.0s
[817/984] HumanEval/71 on s2 fired=True cap=False extract=True ctok=2679 208.7s
[818/984] HumanEval/87 off s2 fired=False cap=False extract=True ctok=338 12.2s
[819/984] HumanEval/84 on s2 fired=True cap=False extract=True ctok=898 67.8s
[820/984] HumanEval/88 off s2 fired=False cap=False extract=True ctok=264 12.7s
[821/984] HumanEval/85 on s2 fired=True cap=False extract=True ctok=975 77.5s
[822/984] HumanEval/80 on s2 fired=True cap=False extract=True ctok=1865 153.3s
[823/984] HumanEval/90 off s2 fired=False cap=False extract=True ctok=170 7.9s
[824/984] HumanEval/82 on s2 fired=True cap=False extract=True ctok=1720 141.1s
[825/984] HumanEval/89 off s2 fired=False cap=False extract=True ctok=550 35.7s
[826/984] HumanEval/47 on s2 fired=True cap=False extract=True ctok=7481 570.2s
[827/984] HumanEval/91 off s2 fired=False cap=False extract=True ctok=512 33.2s
[828/984] HumanEval/92 off s2 fired=False cap=False extract=True ctok=535 33.2s
[829/984] HumanEval/88 on s2 fired=True cap=False extract=True ctok=1552 122.7s
[830/984] HumanEval/93 off s2 fired=False cap=False extract=True ctok=411 26.1s
[831/984] HumanEval/75 on s2 fired=True cap=False extract=True ctok=3150 271.6s
[832/984] HumanEval/83 on s2 fired=True cap=False extract=True ctok=2796 202.6s
[833/984] HumanEval/95 off s2 fired=False cap=False extract=True ctok=305 12.2s
[834/984] HumanEval/94 off s2 fired=False cap=False extract=True ctok=437 18.1s
[835/984] HumanEval/87 on s2 fired=True cap=False extract=True ctok=1954 159.5s
[836/984] HumanEval/96 off s2 fired=False cap=False extract=True ctok=267 12.5s
[837/984] HumanEval/97 off s2 fired=False cap=False extract=True ctok=144 7.4s
[838/984] HumanEval/70 on s2 fired=True cap=False extract=True ctok=4685 381.3s
[839/984] HumanEval/90 on s2 fired=True cap=False extract=True ctok=1621 137.0s
[840/984] HumanEval/98 off s2 fired=False cap=False extract=True ctok=210 8.6s
[841/984] HumanEval/99 off s2 fired=False cap=False extract=True ctok=255 13.7s
[842/984] HumanEval/97 on s2 fired=True cap=False extract=True ctok=664 50.9s
[843/984] HumanEval/86 on s2 fired=True cap=False extract=True ctok=2595 235.8s
[844/984] HumanEval/100 off s2 fired=False cap=False extract=True ctok=182 8.6s
[845/984] HumanEval/89 on s2 fired=True cap=False extract=True ctok=2057 192.0s
[846/984] HumanEval/92 on s2 fired=True cap=False extract=True ctok=1904 154.7s
[847/984] HumanEval/101 off s2 fired=False cap=False extract=True ctok=215 10.9s
[848/984] HumanEval/98 on s2 fired=True cap=False extract=True ctok=842 62.7s
[849/984] HumanEval/103 off s2 fired=False cap=False extract=True ctok=209 10.7s
[850/984] HumanEval/102 off s2 fired=False cap=False extract=True ctok=452 27.9s
[851/984] HumanEval/104 off s2 fired=False cap=False extract=True ctok=434 21.1s
[852/984] HumanEval/95 on s2 fired=True cap=False extract=True ctok=1578 139.2s
[853/984] HumanEval/91 on s2 fired=True cap=False extract=True ctok=2098 217.2s
[854/984] HumanEval/105 off s2 fired=False cap=False extract=True ctok=471 20.2s
[855/984] HumanEval/101 on s2 fired=True cap=False extract=True ctok=1081 97.9s
[856/984] HumanEval/81 on s2 fired=True cap=False extract=True ctok=5132 404.2s
[857/984] HumanEval/106 off s2 fired=False cap=False extract=True ctok=361 19.3s
[858/984] HumanEval/107 off s2 fired=False cap=False extract=True ctok=317 14.0s
[859/984] HumanEval/108 off s2 fired=False cap=False extract=True ctok=218 11.6s
[860/984] HumanEval/94 on s2 fired=True cap=False extract=True ctok=2518 214.8s
[861/984] HumanEval/104 on s2 fired=True cap=False extract=True ctok=1597 122.8s
[862/984] HumanEval/32 on s2 fired=True cap=True extract=True ctok=12288 1037.1s
[863/984] HumanEval/109 off s2 fired=False cap=False extract=True ctok=519 33.0s
[864/984] HumanEval/110 off s2 fired=False cap=False extract=True ctok=467 25.7s
[865/984] HumanEval/100 on s2 fired=True cap=False extract=True ctok=2396 206.0s
[866/984] HumanEval/111 off s2 fired=False cap=False extract=True ctok=447 22.4s
[867/984] HumanEval/107 on s2 fired=True cap=False extract=True ctok=1475 111.8s
[868/984] HumanEval/112 off s2 fired=False cap=False extract=True ctok=390 23.0s
[869/984] HumanEval/113 off s2 fired=False cap=False extract=True ctok=259 9.5s
[870/984] HumanEval/108 on s2 fired=True cap=False extract=True ctok=1910 157.1s
[871/984] HumanEval/96 on s2 fired=True cap=False extract=True ctok=4335 325.7s
[872/984] HumanEval/111 on s2 fired=True cap=False extract=True ctok=1332 109.8s
[873/984] HumanEval/114 off s2 fired=False cap=False extract=True ctok=676 36.3s
[874/984] HumanEval/112 on s2 fired=True cap=False extract=True ctok=1356 119.2s
[875/984] HumanEval/93 on s2 fired=True cap=False extract=True ctok=4790 431.6s
[876/984] HumanEval/115 off s2 fired=False cap=False extract=True ctok=629 47.2s
[877/984] HumanEval/103 on s2 fired=True cap=False extract=True ctok=3893 316.7s
[878/984] HumanEval/117 off s2 fired=False cap=False extract=True ctok=274 13.8s
[879/984] HumanEval/106 on s2 fired=True cap=False extract=True ctok=3350 274.0s
[880/984] HumanEval/77 on s2 fired=True cap=False extract=True ctok=8218 676.6s
[881/984] HumanEval/110 on s2 fired=True cap=False extract=True ctok=2197 189.4s
[882/984] HumanEval/76 on s2 fired=True cap=False extract=True ctok=8015 685.7s
[883/984] HumanEval/116 off s2 fired=False cap=False extract=True ctok=593 36.7s
[884/984] HumanEval/118 off s2 fired=False cap=False extract=True ctok=279 11.3s
[885/984] HumanEval/119 off s2 fired=False cap=False extract=True ctok=285 10.7s
[886/984] HumanEval/121 off s2 fired=False cap=False extract=True ctok=137 7.3s
[887/984] HumanEval/122 off s2 fired=False cap=False extract=True ctok=166 8.5s
[888/984] HumanEval/120 off s2 fired=False cap=False extract=True ctok=650 32.3s
[889/984] HumanEval/114 on s2 fired=True cap=False extract=True ctok=1847 144.3s
[890/984] HumanEval/123 off s2 fired=False cap=False extract=True ctok=330 14.7s
[891/984] HumanEval/115 on s2 fired=True cap=False extract=True ctok=1512 134.3s
[892/984] HumanEval/105 on s2 fired=True cap=False extract=True ctok=4129 335.8s
[893/984] HumanEval/109 on s2 fired=True cap=False extract=True ctok=3272 270.1s
[894/984] HumanEval/125 off s2 fired=False cap=False extract=True ctok=228 8.6s
[895/984] HumanEval/121 on s2 fired=True cap=False extract=True ctok=816 62.6s
[896/984] HumanEval/113 on s2 fired=True cap=False extract=True ctok=2461 197.9s
[897/984] HumanEval/126 off s2 fired=False cap=False extract=True ctok=345 16.3s
[898/984] HumanEval/124 off s2 fired=False cap=False extract=True ctok=512 31.7s
[899/984] HumanEval/127 off s2 fired=False cap=False extract=True ctok=202 13.4s
[900/984] HumanEval/102 on s2 fired=True cap=False extract=True ctok=5545 419.5s
[901/984] HumanEval/128 off s2 fired=False cap=False extract=True ctok=217 8.1s
[902/984] HumanEval/99 on s2 fired=True cap=False extract=True ctok=5884 480.1s
[903/984] HumanEval/122 on s2 fired=True cap=False extract=True ctok=1350 113.7s
[904/984] HumanEval/129 off s2 fired=False cap=False extract=True ctok=720 44.8s
[905/984] HumanEval/131 off s2 fired=False cap=False extract=True ctok=137 7.2s
[906/984] HumanEval/130 off s2 fired=False cap=False extract=True ctok=601 39.2s
[907/984] HumanEval/120 on s2 fired=True cap=False extract=True ctok=1754 151.1s
[908/984] HumanEval/132 off s2 fired=False cap=False extract=True ctok=505 31.1s
[909/984] HumanEval/131 on s2 fired=True cap=False extract=True ctok=863 60.6s
[910/984] HumanEval/128 on s2 fired=True cap=False extract=True ctok=1511 118.7s
[911/984] HumanEval/133 off s2 fired=False cap=False extract=True ctok=331 23.7s
[912/984] HumanEval/134 off s2 fired=False cap=False extract=True ctok=393 25.8s
[913/984] HumanEval/117 on s2 fired=True cap=False extract=True ctok=3117 252.6s
[914/984] HumanEval/123 on s2 fired=True cap=False extract=True ctok=2699 219.4s
[915/984] HumanEval/135 off s2 fired=False cap=False extract=True ctok=477 26.4s
[916/984] HumanEval/136 off s2 fired=False cap=False extract=True ctok=206 6.7s
[917/984] HumanEval/137 off s2 fired=False cap=False extract=True ctok=232 10.7s
[918/984] HumanEval/125 on s2 fired=True cap=False extract=True ctok=2337 207.1s
[919/984] HumanEval/133 on s2 fired=True cap=False extract=True ctok=1212 112.0s
[920/984] HumanEval/124 on s2 fired=True cap=False extract=True ctok=2719 226.1s
[921/984] HumanEval/138 off s2 fired=False cap=False extract=True ctok=271 18.1s
[922/984] HumanEval/139 off s2 fired=False cap=False extract=True ctok=554 33.6s
[923/984] HumanEval/140 off s2 fired=False cap=False extract=True ctok=237 11.3s
[924/984] HumanEval/118 on s2 fired=True cap=False extract=True ctok=3794 335.5s
[925/984] HumanEval/136 on s2 fired=True cap=False extract=False ctok=1334 106.8s
[926/984] HumanEval/141 off s2 fired=False cap=False extract=True ctok=325 13.1s
[927/984] HumanEval/127 on s2 fired=True cap=False extract=True ctok=3696 280.7s
[928/984] HumanEval/142 off s2 fired=False cap=False extract=True ctok=250 11.7s
[929/984] HumanEval/143 off s2 fired=False cap=False extract=True ctok=597 28.1s
[930/984] HumanEval/135 on s2 fired=True cap=False extract=True ctok=2272 184.8s
[931/984] HumanEval/134 on s2 fired=True cap=False extract=True ctok=2529 203.5s
[932/984] HumanEval/130 on s2 fired=True cap=False extract=True ctok=3819 308.3s
[933/984] HumanEval/144 off s2 fired=False cap=False extract=True ctok=255 13.3s
[934/984] HumanEval/137 on s2 fired=True cap=False extract=True ctok=1885 160.1s
[935/984] HumanEval/145 off s2 fired=False cap=False extract=True ctok=201 13.4s
[936/984] HumanEval/138 on s2 fired=True cap=False extract=True ctok=1626 152.2s
[937/984] HumanEval/126 on s2 fired=True cap=False extract=True ctok=3828 357.3s
[938/984] HumanEval/146 off s2 fired=False cap=False extract=True ctok=215 7.9s
[939/984] HumanEval/148 off s2 fired=False cap=False extract=True ctok=125 7.5s
[940/984] HumanEval/140 on s2 fired=True cap=False extract=True ctok=1808 161.5s
[941/984] HumanEval/139 on s2 fired=True cap=False extract=True ctok=2204 177.0s
[942/984] HumanEval/149 off s2 fired=False cap=False extract=True ctok=238 8.8s
[943/984] HumanEval/147 off s2 fired=False cap=False extract=True ctok=730 53.3s
[944/984] HumanEval/129 on s2 fired=True cap=False extract=True ctok=4401 393.2s
[945/984] HumanEval/150 off s2 fired=False cap=False extract=True ctok=528 28.1s
[946/984] HumanEval/151 off s2 fired=False cap=False extract=True ctok=194 9.2s
[947/984] HumanEval/143 on s2 fired=True cap=False extract=True ctok=1852 147.2s
[948/984] HumanEval/152 off s2 fired=False cap=False extract=True ctok=164 11.8s
[949/984] HumanEval/141 on s2 fired=True cap=False extract=True ctok=2075 193.5s
[950/984] HumanEval/153 off s2 fired=False cap=False extract=True ctok=390 15.5s
[951/984] HumanEval/154 off s2 fired=False cap=False extract=True ctok=201 11.1s
[952/984] HumanEval/142 on s2 fired=True cap=False extract=True ctok=2635 194.5s
[953/984] HumanEval/155 off s2 fired=False cap=False extract=True ctok=137 7.3s
[954/984] HumanEval/150 on s2 fired=True cap=False extract=True ctok=1361 104.8s
[955/984] HumanEval/148 on s2 fired=True cap=False extract=True ctok=1857 147.1s
[956/984] HumanEval/144 on s2 fired=True cap=False extract=True ctok=2108 185.9s
[957/984] HumanEval/156 off s2 fired=False cap=False extract=True ctok=401 18.7s
[958/984] HumanEval/119 on s2 fired=True cap=False extract=True ctok=6558 572.7s
[959/984] HumanEval/157 off s2 fired=False cap=False extract=True ctok=151 7.8s
[960/984] HumanEval/152 on s2 fired=True cap=False extract=True ctok=1132 94.4s
[961/984] HumanEval/146 on s2 fired=True cap=False extract=True ctok=2121 178.1s
[962/984] HumanEval/158 off s2 fired=False cap=False extract=True ctok=197 8.4s
[963/984] HumanEval/159 off s2 fired=False cap=False extract=True ctok=348 13.4s
[964/984] HumanEval/149 on s2 fired=True cap=False extract=True ctok=1776 165.6s
[965/984] HumanEval/161 off s2 fired=False cap=False extract=True ctok=206 9.8s
[966/984] HumanEval/155 on s2 fired=True cap=False extract=True ctok=1096 83.4s
[967/984] HumanEval/162 off s2 fired=False cap=False extract=True ctok=122 3.4s
[968/984] HumanEval/160 off s2 fired=False cap=False extract=True ctok=547 33.1s
[969/984] HumanEval/163 off s2 fired=False cap=False extract=True ctok=170 7.9s
[970/984] HumanEval/157 on s2 fired=True cap=False extract=True ctok=1100 96.6s
[971/984] HumanEval/162 on s2 fired=True cap=False extract=True ctok=857 66.1s
[972/984] HumanEval/159 on s2 fired=True cap=False extract=True ctok=1286 103.0s
[973/984] HumanEval/151 on s2 fired=True cap=False extract=True ctok=2708 225.0s
[974/984] HumanEval/161 on s2 fired=True cap=False extract=True ctok=1414 117.1s
[975/984] HumanEval/160 on s2 fired=True cap=False extract=True ctok=1935 173.9s
[976/984] HumanEval/153 on s2 fired=True cap=False extract=True ctok=3026 260.7s
[977/984] HumanEval/158 on s2 fired=True cap=False extract=True ctok=2317 195.9s
[978/984] HumanEval/154 on s2 fired=True cap=False extract=True ctok=2975 252.3s
[979/984] HumanEval/156 on s2 fired=True cap=False extract=True ctok=3235 228.7s
[980/984] HumanEval/116 on s2 fired=True cap=True extract=False ctok=12288 843.9s
[981/984] HumanEval/163 on s2 fired=True cap=False extract=True ctok=2917 200.3s
[982/984] HumanEval/147 on s2 fired=True cap=False extract=True ctok=6998 468.7s
[983/984] HumanEval/145 on s2 fired=True cap=True extract=False ctok=12288 622.1s
[984/984] HumanEval/132 on s2 fired=True cap=True extract=False ctok=12288 887.5s
wrote full/samples_on_s0.jsonl (164 samples)
wrote full/samples_on_s1.jsonl (164 samples)
wrote full/samples_on_s2.jsonl (164 samples)
wrote full/samples_off_s0.jsonl (164 samples)
wrote full/samples_off_s1.jsonl (164 samples)
wrote full/samples_off_s2.jsonl (164 samples)
DONE
