[2026-07-27T01:50:43.986568+00:00] laguna identity grid: 320 turns to run (0 already done) conc=1
[2026-07-27T01:51:05.050286+00:00] laguna C6/published math 0 ok=True fired=False rtok~0 ptok=220 fr=stop lat=21.063
[2026-07-27T01:51:29.575366+00:00] laguna C6/published math 1 ok=True fired=False rtok~0 ptok=220 fr=stop lat=24.525
[2026-07-27T01:51:49.464857+00:00] laguna C6/published math 2 ok=True fired=False rtok~0 ptok=218 fr=stop lat=19.889
[2026-07-27T01:52:10.497535+00:00] laguna C6/published math 3 ok=True fired=False rtok~0 ptok=219 fr=stop lat=21.032
[2026-07-27T01:52:52.041713+00:00] laguna C6/published math 4 ok=True fired=False rtok~0 ptok=219 fr=stop lat=41.544
[2026-07-27T01:53:21.334899+00:00] laguna C6/published math 5 ok=True fired=False rtok~0 ptok=220 fr=stop lat=29.293
[2026-07-27T01:55:14.850008+00:00] laguna C6/published math 6 ok=True fired=True rtok~560 ptok=219 fr=stop lat=113.515
[2026-07-27T01:56:26.199620+00:00] laguna C6/published math 7 ok=True fired=True rtok~242 ptok=220 fr=stop lat=71.349
[2026-07-27T01:56:50.085994+00:00] laguna C6/published math 8 ok=True fired=False rtok~0 ptok=220 fr=stop lat=23.886
[2026-07-27T01:58:57.964709+00:00] laguna C6/published math 9 ok=True fired=True rtok~573 ptok=216 fr=stop lat=127.878
[2026-07-27T01:59:28.921309+00:00] laguna C6/published code 0 ok=True fired=False rtok~0 ptok=215 fr=stop lat=30.956
[2026-07-27T01:59:58.960824+00:00] laguna C6/published code 1 ok=True fired=False rtok~0 ptok=212 fr=stop lat=30.039
[2026-07-27T02:02:34.877912+00:00] laguna C6/published code 2 ok=True fired=True rtok~924 ptok=213 fr=stop lat=155.917
[2026-07-27T02:03:16.517479+00:00] laguna C6/published code 3 ok=True fired=False rtok~0 ptok=213 fr=stop lat=41.639
[2026-07-27T02:06:00.692321+00:00] laguna C6/published code 4 ok=True fired=True rtok~1027 ptok=213 fr=stop lat=164.174
[2026-07-27T02:06:24.014498+00:00] laguna C6/published code 5 ok=True fired=False rtok~0 ptok=214 fr=stop lat=23.322
[2026-07-27T02:07:00.360264+00:00] laguna C6/published code 6 ok=True fired=False rtok~0 ptok=214 fr=stop lat=36.345
[2026-07-27T02:07:40.906850+00:00] laguna C6/published code 7 ok=True fired=False rtok~0 ptok=215 fr=stop lat=40.546
[2026-07-27T02:08:24.027222+00:00] laguna C6/published code 8 ok=True fired=False rtok~0 ptok=215 fr=stop lat=43.12
[2026-07-27T02:08:54.818775+00:00] laguna C6/published code 9 ok=True fired=False rtok~0 ptok=215 fr=stop lat=30.791
[2026-07-27T02:09:40.982937+00:00] laguna C6/published reasoning 0 ok=True fired=False rtok~0 ptok=222 fr=stop lat=46.164
[2026-07-27T02:10:21.999273+00:00] laguna C6/published reasoning 1 ok=True fired=False rtok~0 ptok=222 fr=stop lat=41.016
[2026-07-27T02:11:09.433171+00:00] laguna C6/published reasoning 2 ok=True fired=False rtok~0 ptok=220 fr=stop lat=47.434
[2026-07-27T02:11:49.046051+00:00] laguna C6/published reasoning 3 ok=True fired=False rtok~0 ptok=221 fr=stop lat=39.612
[2026-07-27T02:12:12.925352+00:00] laguna C6/published reasoning 4 ok=True fired=False rtok~0 ptok=221 fr=stop lat=23.879
[2026-07-27T02:13:16.788928+00:00] laguna C6/published reasoning 5 ok=True fired=False rtok~0 ptok=223 fr=stop lat=63.863
[2026-07-27T02:14:18.030923+00:00] laguna C6/published reasoning 6 ok=True fired=False rtok~0 ptok=222 fr=stop lat=61.242
[2026-07-27T02:15:01.582214+00:00] laguna C6/published reasoning 7 ok=True fired=False rtok~0 ptok=223 fr=stop lat=43.551
[2026-07-27T02:15:33.492039+00:00] laguna C6/published reasoning 8 ok=True fired=False rtok~0 ptok=223 fr=stop lat=31.91
[2026-07-27T02:16:21.604814+00:00] laguna C6/published reasoning 9 ok=True fired=False rtok~0 ptok=223 fr=stop lat=48.113
[2026-07-27T02:16:30.572568+00:00] laguna C6/published summary 0 ok=True fired=False rtok~0 ptok=385 fr=stop lat=8.967
[2026-07-27T02:16:40.304717+00:00] laguna C6/published summary 1 ok=True fired=False rtok~0 ptok=386 fr=stop lat=9.732
[2026-07-27T02:16:50.782676+00:00] laguna C6/published summary 2 ok=True fired=False rtok~0 ptok=385 fr=stop lat=10.478
[2026-07-27T02:16:59.801111+00:00] laguna C6/published summary 3 ok=True fired=False rtok~0 ptok=386 fr=stop lat=9.018
[2026-07-27T02:17:08.990595+00:00] laguna C6/published summary 4 ok=True fired=False rtok~0 ptok=385 fr=stop lat=9.189
[2026-07-27T02:17:20.503927+00:00] laguna C6/published summary 5 ok=True fired=False rtok~0 ptok=385 fr=stop lat=11.513
[2026-07-27T02:17:31.139827+00:00] laguna C6/published summary 6 ok=True fired=False rtok~0 ptok=387 fr=stop lat=10.636
[2026-07-27T02:17:41.760857+00:00] laguna C6/published summary 7 ok=True fired=False rtok~0 ptok=386 fr=stop lat=10.621
[2026-07-27T02:17:53.048656+00:00] laguna C6/published summary 8 ok=True fired=False rtok~0 ptok=384 fr=stop lat=11.288
[2026-07-27T02:18:02.763196+00:00] laguna C6/published summary 9 ok=True fired=False rtok~0 ptok=386 fr=stop lat=9.714
[2026-07-27T02:18:29.534921+00:00] laguna C6/prefix math 0 ok=True fired=False rtok~0 ptok=248 fr=stop lat=26.771
[2026-07-27T02:18:55.641916+00:00] laguna C6/prefix math 1 ok=True fired=False rtok~0 ptok=247 fr=stop lat=26.107
[2026-07-27T02:19:16.984636+00:00] laguna C6/prefix math 2 ok=True fired=False rtok~0 ptok=249 fr=stop lat=21.342
[2026-07-27T02:19:42.063992+00:00] laguna C6/prefix math 3 ok=True fired=False rtok~0 ptok=246 fr=stop lat=25.079
[2026-07-27T02:20:03.809654+00:00] laguna C6/prefix math 4 ok=True fired=False rtok~0 ptok=248 fr=stop lat=21.745
[2026-07-27T02:20:24.912615+00:00] laguna C6/prefix math 5 ok=True fired=False rtok~0 ptok=247 fr=stop lat=21.103
[2026-07-27T02:20:48.765035+00:00] laguna C6/prefix math 6 ok=True fired=False rtok~0 ptok=249 fr=stop lat=23.852
[2026-07-27T02:21:10.185131+00:00] laguna C6/prefix math 7 ok=True fired=False rtok~0 ptok=247 fr=stop lat=21.419
[2026-07-27T02:21:35.865964+00:00] laguna C6/prefix math 8 ok=True fired=False rtok~0 ptok=246 fr=stop lat=25.68
[2026-07-27T02:22:08.875284+00:00] laguna C6/prefix math 9 ok=True fired=False rtok~0 ptok=248 fr=stop lat=33.009
[2026-07-27T02:22:52.437667+00:00] laguna C6/prefix code 0 ok=True fired=False rtok~0 ptok=242 fr=stop lat=43.562
[2026-07-27T02:23:28.430052+00:00] laguna C6/prefix code 1 ok=True fired=False rtok~0 ptok=242 fr=stop lat=35.992
[2026-07-27T02:24:02.679057+00:00] laguna C6/prefix code 2 ok=True fired=False rtok~0 ptok=243 fr=stop lat=34.249
[2026-07-27T02:24:24.004719+00:00] laguna C6/prefix code 3 ok=True fired=False rtok~0 ptok=244 fr=stop lat=21.325
[2026-07-27T02:25:25.269737+00:00] laguna C6/prefix code 4 ok=True fired=False rtok~0 ptok=242 fr=stop lat=61.265
[2026-07-27T02:26:01.677493+00:00] laguna C6/prefix code 5 ok=True fired=False rtok~0 ptok=241 fr=stop lat=36.407
[2026-07-27T02:26:41.989754+00:00] laguna C6/prefix code 6 ok=True fired=False rtok~0 ptok=241 fr=stop lat=40.312
[2026-07-27T02:27:14.455023+00:00] laguna C6/prefix code 7 ok=True fired=False rtok~0 ptok=243 fr=stop lat=32.465
[2026-07-27T02:27:54.776224+00:00] laguna C6/prefix code 8 ok=True fired=False rtok~0 ptok=243 fr=stop lat=40.321
[2026-07-27T02:29:04.166432+00:00] laguna C6/prefix code 9 ok=True fired=False rtok~0 ptok=240 fr=stop lat=69.39
[2026-07-27T02:29:37.019319+00:00] laguna C6/prefix reasoning 0 ok=True fired=False rtok~0 ptok=251 fr=stop lat=32.853
[2026-07-27T02:30:19.886718+00:00] laguna C6/prefix reasoning 1 ok=True fired=False rtok~0 ptok=251 fr=stop lat=42.867
[2026-07-27T02:31:02.390515+00:00] laguna C6/prefix reasoning 2 ok=True fired=False rtok~0 ptok=252 fr=stop lat=42.504
[2026-07-27T02:31:48.697462+00:00] laguna C6/prefix reasoning 3 ok=True fired=False rtok~0 ptok=251 fr=stop lat=46.307
[2026-07-27T02:32:24.950376+00:00] laguna C6/prefix reasoning 4 ok=True fired=False rtok~0 ptok=250 fr=stop lat=36.253
[2026-07-27T02:33:18.440285+00:00] laguna C6/prefix reasoning 5 ok=True fired=False rtok~0 ptok=249 fr=stop lat=53.49
[2026-07-27T02:33:58.540846+00:00] laguna C6/prefix reasoning 6 ok=True fired=False rtok~0 ptok=250 fr=stop lat=40.1
[2026-07-27T02:34:39.354310+00:00] laguna C6/prefix reasoning 7 ok=True fired=False rtok~0 ptok=249 fr=stop lat=40.813
[2026-07-27T02:35:31.330313+00:00] laguna C6/prefix reasoning 8 ok=True fired=False rtok~0 ptok=250 fr=stop lat=51.976
[2026-07-27T02:36:13.322787+00:00] laguna C6/prefix reasoning 9 ok=True fired=False rtok~0 ptok=251 fr=stop lat=41.992
[2026-07-27T02:36:23.974328+00:00] laguna C6/prefix summary 0 ok=True fired=False rtok~0 ptok=413 fr=stop lat=10.651
[2026-07-27T02:36:34.382099+00:00] laguna C6/prefix summary 1 ok=True fired=False rtok~0 ptok=416 fr=stop lat=10.408
[2026-07-27T02:36:44.393751+00:00] laguna C6/prefix summary 2 ok=True fired=False rtok~0 ptok=415 fr=stop lat=10.011
[2026-07-27T02:36:54.530443+00:00] laguna C6/prefix summary 3 ok=True fired=False rtok~0 ptok=414 fr=stop lat=10.136
[2026-07-27T02:37:03.907406+00:00] laguna C6/prefix summary 4 ok=True fired=False rtok~0 ptok=413 fr=stop lat=9.377
[2026-07-27T02:37:13.475694+00:00] laguna C6/prefix summary 5 ok=True fired=False rtok~0 ptok=415 fr=stop lat=9.568
[2026-07-27T02:37:23.159638+00:00] laguna C6/prefix summary 6 ok=True fired=False rtok~0 ptok=416 fr=stop lat=9.684
[2026-07-27T02:37:34.931088+00:00] laguna C6/prefix summary 7 ok=True fired=False rtok~0 ptok=415 fr=stop lat=11.771
[2026-07-27T02:37:44.402219+00:00] laguna C6/prefix summary 8 ok=True fired=False rtok~0 ptok=416 fr=stop lat=9.471
[2026-07-27T02:37:55.105240+00:00] laguna C6/prefix summary 9 ok=True fired=False rtok~0 ptok=415 fr=stop lat=10.703
[2026-07-27T02:39:50.459475+00:00] laguna C6/suffix math 0 ok=True fired=True rtok~527 ptok=248 fr=stop lat=115.354
[2026-07-27T02:40:52.658970+00:00] laguna C6/suffix math 1 ok=True fired=True rtok~200 ptok=249 fr=stop lat=62.199
[2026-07-27T02:41:49.982683+00:00] laguna C6/suffix math 2 ok=True fired=True rtok~164 ptok=248 fr=stop lat=57.323
[2026-07-27T02:43:07.254656+00:00] laguna C6/suffix math 3 ok=True fired=True rtok~229 ptok=246 fr=stop lat=77.271
[2026-07-27T02:44:19.258925+00:00] laguna C6/suffix math 4 ok=True fired=True rtok~249 ptok=249 fr=stop lat=72.0
[2026-07-27T02:45:44.651821+00:00] laguna C6/suffix math 5 ok=True fired=True rtok~266 ptok=249 fr=stop lat=85.392
[2026-07-27T02:47:05.714728+00:00] laguna C6/suffix math 6 ok=True fired=True rtok~269 ptok=248 fr=stop lat=81.063
[2026-07-27T02:48:30.321676+00:00] laguna C6/suffix math 7 ok=True fired=True rtok~297 ptok=248 fr=stop lat=84.606
[2026-07-27T02:50:12.787190+00:00] laguna C6/suffix math 8 ok=True fired=True rtok~406 ptok=247 fr=stop lat=102.465
[2026-07-27T02:50:40.617717+00:00] laguna C6/suffix math 9 ok=True fired=False rtok~0 ptok=247 fr=stop lat=27.83
[2026-07-27T02:55:03.500785+00:00] laguna C6/suffix code 0 ok=True fired=True rtok~1820 ptok=240 fr=stop lat=262.882
[2026-07-27T03:00:24.125289+00:00] laguna C6/suffix code 1 ok=True fired=True rtok~2355 ptok=241 fr=stop lat=320.624
[2026-07-27T03:00:56.413477+00:00] laguna C6/suffix code 2 ok=True fired=False rtok~0 ptok=242 fr=stop lat=32.288
[2026-07-27T03:01:20.585116+00:00] laguna C6/suffix code 3 ok=True fired=False rtok~0 ptok=244 fr=stop lat=24.171
[2026-07-27T03:03:28.052009+00:00] laguna C6/suffix code 4 ok=True fired=True rtok~770 ptok=242 fr=stop lat=127.467
[2026-07-27T03:03:54.725912+00:00] laguna C6/suffix code 5 ok=True fired=False rtok~0 ptok=242 fr=stop lat=26.674
[2026-07-27T03:04:43.769469+00:00] laguna C6/suffix code 6 ok=True fired=False rtok~0 ptok=244 fr=stop lat=49.043
[2026-07-27T03:07:25.792837+00:00] laguna C6/suffix code 7 ok=True fired=True rtok~1023 ptok=242 fr=stop lat=162.023
[2026-07-27T03:09:29.707902+00:00] laguna C6/suffix code 8 ok=True fired=True rtok~805 ptok=242 fr=stop lat=123.915
[2026-07-27T03:14:35.960168+00:00] laguna C6/suffix code 9 ok=True fired=True rtok~2091 ptok=242 fr=stop lat=306.252
[2026-07-27T03:16:48.429144+00:00] laguna C6/suffix reasoning 0 ok=True fired=True rtok~851 ptok=251 fr=stop lat=132.468
[2026-07-27T03:17:32.341499+00:00] laguna C6/suffix reasoning 1 ok=True fired=False rtok~0 ptok=250 fr=stop lat=43.912
[2026-07-27T03:18:21.115413+00:00] laguna C6/suffix reasoning 2 ok=True fired=False rtok~0 ptok=251 fr=stop lat=48.774
[2026-07-27T03:19:13.119095+00:00] laguna C6/suffix reasoning 3 ok=True fired=False rtok~0 ptok=251 fr=stop lat=52.003
[2026-07-27T03:19:59.045948+00:00] laguna C6/suffix reasoning 4 ok=True fired=False rtok~0 ptok=251 fr=stop lat=45.927
[2026-07-27T03:20:35.681876+00:00] laguna C6/suffix reasoning 5 ok=True fired=False rtok~0 ptok=250 fr=stop lat=36.636
[2026-07-27T03:22:39.708635+00:00] laguna C6/suffix reasoning 6 ok=True fired=True rtok~747 ptok=251 fr=stop lat=124.026
[2026-07-27T03:23:23.477413+00:00] laguna C6/suffix reasoning 7 ok=True fired=False rtok~0 ptok=250 fr=stop lat=43.768
[2026-07-27T03:24:05.564384+00:00] laguna C6/suffix reasoning 8 ok=True fired=False rtok~0 ptok=250 fr=stop lat=42.087
[2026-07-27T03:25:43.027069+00:00] laguna C6/suffix reasoning 9 ok=True fired=True rtok~615 ptok=251 fr=stop lat=97.462
[2026-07-27T03:25:52.218099+00:00] laguna C6/suffix summary 0 ok=True fired=False rtok~0 ptok=416 fr=stop lat=9.191
[2026-07-27T03:26:03.690964+00:00] laguna C6/suffix summary 1 ok=True fired=False rtok~0 ptok=414 fr=stop lat=11.473
[2026-07-27T03:26:13.755454+00:00] laguna C6/suffix summary 2 ok=True fired=False rtok~0 ptok=415 fr=stop lat=10.064
[2026-07-27T03:26:24.987752+00:00] laguna C6/suffix summary 3 ok=True fired=False rtok~0 ptok=416 fr=stop lat=11.232
[2026-07-27T03:26:33.762681+00:00] laguna C6/suffix summary 4 ok=True fired=False rtok~0 ptok=414 fr=stop lat=8.775
[2026-07-27T03:26:43.048248+00:00] laguna C6/suffix summary 5 ok=True fired=False rtok~0 ptok=415 fr=stop lat=9.285
[2026-07-27T03:26:50.858656+00:00] laguna C6/suffix summary 6 ok=True fired=False rtok~0 ptok=415 fr=stop lat=7.81
[2026-07-27T03:27:02.158749+00:00] laguna C6/suffix summary 7 ok=True fired=False rtok~0 ptok=416 fr=stop lat=11.3
[2026-07-27T03:27:12.390789+00:00] laguna C6/suffix summary 8 ok=True fired=False rtok~0 ptok=414 fr=stop lat=10.232
[2026-07-27T03:27:21.851973+00:00] laguna C6/suffix summary 9 ok=True fired=False rtok~0 ptok=415 fr=stop lat=9.461
[2026-07-27T03:27:45.906852+00:00] laguna C6/spliced math 0 ok=True fired=False rtok~0 ptok=256 fr=stop lat=24.055
[2026-07-27T03:28:16.875361+00:00] laguna C6/spliced math 1 ok=True fired=False rtok~0 ptok=258 fr=stop lat=30.968
[2026-07-27T03:28:45.018386+00:00] laguna C6/spliced math 2 ok=True fired=False rtok~0 ptok=259 fr=stop lat=28.143
[2026-07-27T03:29:04.716809+00:00] laguna C6/spliced math 3 ok=True fired=False rtok~0 ptok=258 fr=stop lat=19.698
[2026-07-27T03:29:21.340850+00:00] laguna C6/spliced math 4 ok=True fired=False rtok~0 ptok=259 fr=stop lat=16.624
[2026-07-27T03:29:40.021961+00:00] laguna C6/spliced math 5 ok=True fired=False rtok~0 ptok=259 fr=stop lat=18.681
[2026-07-27T03:29:55.802178+00:00] laguna C6/spliced math 6 ok=True fired=False rtok~0 ptok=256 fr=stop lat=15.78
[2026-07-27T03:30:06.662789+00:00] laguna C6/spliced math 7 ok=True fired=False rtok~0 ptok=259 fr=stop lat=10.86
[2026-07-27T03:30:27.461098+00:00] laguna C6/spliced math 8 ok=True fired=False rtok~0 ptok=257 fr=stop lat=20.798
[2026-07-27T03:30:46.218300+00:00] laguna C6/spliced math 9 ok=True fired=False rtok~0 ptok=257 fr=stop lat=18.757
[2026-07-27T03:31:12.395727+00:00] laguna C6/spliced code 0 ok=True fired=False rtok~0 ptok=254 fr=stop lat=26.177
[2026-07-27T03:31:38.035090+00:00] laguna C6/spliced code 1 ok=True fired=False rtok~0 ptok=253 fr=stop lat=25.639
[2026-07-27T03:32:06.199373+00:00] laguna C6/spliced code 2 ok=True fired=False rtok~0 ptok=252 fr=stop lat=28.164
[2026-07-27T03:32:26.531428+00:00] laguna C6/spliced code 3 ok=True fired=False rtok~0 ptok=253 fr=stop lat=20.332
[2026-07-27T03:32:54.784287+00:00] laguna C6/spliced code 4 ok=True fired=False rtok~0 ptok=252 fr=stop lat=28.253
[2026-07-27T03:33:21.834800+00:00] laguna C6/spliced code 5 ok=True fired=False rtok~0 ptok=253 fr=stop lat=27.05
[2026-07-27T03:34:49.762202+00:00] laguna C6/spliced code 6 ok=True fired=True rtok~781 ptok=253 fr=stop lat=87.927
[2026-07-27T03:35:23.968147+00:00] laguna C6/spliced code 7 ok=True fired=False rtok~0 ptok=254 fr=stop lat=34.206
[2026-07-27T03:36:04.375132+00:00] laguna C6/spliced code 8 ok=True fired=False rtok~0 ptok=254 fr=stop lat=40.407
[2026-07-27T03:38:47.029637+00:00] laguna C6/spliced code 9 ok=True fired=True rtok~1553 ptok=253 fr=stop lat=162.654
[2026-07-27T03:39:18.233704+00:00] laguna C6/spliced reasoning 0 ok=True fired=False rtok~0 ptok=261 fr=stop lat=31.204
[2026-07-27T03:39:41.927922+00:00] laguna C6/spliced reasoning 1 ok=True fired=False rtok~0 ptok=261 fr=stop lat=23.694
[2026-07-27T03:40:12.030101+00:00] laguna C6/spliced reasoning 2 ok=True fired=False rtok~0 ptok=259 fr=stop lat=30.102
[2026-07-27T03:40:48.422318+00:00] laguna C6/spliced reasoning 3 ok=True fired=False rtok~0 ptok=262 fr=stop lat=36.392
[2026-07-27T03:41:23.722601+00:00] laguna C6/spliced reasoning 4 ok=True fired=False rtok~0 ptok=260 fr=stop lat=35.3
[2026-07-27T03:42:16.655810+00:00] laguna C6/spliced reasoning 5 ok=True fired=False rtok~0 ptok=262 fr=stop lat=52.933
[2026-07-27T03:43:03.319403+00:00] laguna C6/spliced reasoning 6 ok=True fired=False rtok~0 ptok=261 fr=stop lat=46.663
[2026-07-27T03:43:43.949687+00:00] laguna C6/spliced reasoning 7 ok=True fired=False rtok~0 ptok=260 fr=stop lat=40.63
[2026-07-27T03:44:35.707993+00:00] laguna C6/spliced reasoning 8 ok=True fired=False rtok~0 ptok=261 fr=stop lat=51.758
[2026-07-27T03:45:06.986470+00:00] laguna C6/spliced reasoning 9 ok=True fired=False rtok~0 ptok=262 fr=stop lat=31.278
[2026-07-27T03:45:17.340779+00:00] laguna C6/spliced summary 0 ok=True fired=False rtok~0 ptok=425 fr=stop lat=10.354
[2026-07-27T03:45:29.499930+00:00] laguna C6/spliced summary 1 ok=True fired=False rtok~0 ptok=424 fr=stop lat=12.159
[2026-07-27T03:45:39.112983+00:00] laguna C6/spliced summary 2 ok=True fired=False rtok~0 ptok=424 fr=stop lat=9.613
[2026-07-27T03:45:48.752062+00:00] laguna C6/spliced summary 3 ok=True fired=False rtok~0 ptok=423 fr=stop lat=9.639
[2026-07-27T03:45:59.257864+00:00] laguna C6/spliced summary 4 ok=True fired=False rtok~0 ptok=424 fr=stop lat=10.506
[2026-07-27T03:46:08.325399+00:00] laguna C6/spliced summary 5 ok=True fired=False rtok~0 ptok=424 fr=stop lat=9.067
[2026-07-27T03:46:19.169799+00:00] laguna C6/spliced summary 6 ok=True fired=False rtok~0 ptok=425 fr=stop lat=10.844
[2026-07-27T03:46:29.396337+00:00] laguna C6/spliced summary 7 ok=True fired=False rtok~0 ptok=426 fr=stop lat=10.226
[2026-07-27T03:46:39.119446+00:00] laguna C6/spliced summary 8 ok=True fired=False rtok~0 ptok=426 fr=stop lat=9.723
[2026-07-27T03:46:48.276899+00:00] laguna C6/spliced summary 9 ok=True fired=False rtok~0 ptok=423 fr=stop lat=9.157
[2026-07-27T03:47:25.903932+00:00] laguna C7/published math 0 ok=True fired=True rtok~120 ptok=251 fr=stop lat=37.627
[2026-07-27T03:48:17.671488+00:00] laguna C7/published math 1 ok=True fired=True rtok~120 ptok=251 fr=stop lat=51.767
[2026-07-27T03:49:16.614320+00:00] laguna C7/published math 2 ok=True fired=True rtok~125 ptok=250 fr=stop lat=58.943
[2026-07-27T03:49:44.313363+00:00] laguna C7/published math 3 ok=True fired=False rtok~0 ptok=251 fr=stop lat=27.699
[2026-07-27T03:50:11.519181+00:00] laguna C7/published math 4 ok=True fired=False rtok~0 ptok=252 fr=stop lat=27.206
[2026-07-27T03:50:41.920000+00:00] laguna C7/published math 5 ok=True fired=False rtok~0 ptok=251 fr=stop lat=30.401
[2026-07-27T03:51:11.019967+00:00] laguna C7/published math 6 ok=True fired=False rtok~0 ptok=252 fr=stop lat=29.1
[2026-07-27T03:57:09.101874+00:00] laguna C7/published math 7 ok=True fired=True rtok~136 ptok=249 fr=length lat=358.081
[2026-07-27T03:58:19.634509+00:00] laguna C7/published math 8 ok=True fired=True rtok~139 ptok=251 fr=stop lat=70.532
[2026-07-27T03:58:43.785511+00:00] laguna C7/published math 9 ok=True fired=False rtok~0 ptok=252 fr=stop lat=24.151
[2026-07-27T04:03:00.579936+00:00] laguna C7/published code 0 ok=True fired=True rtok~1713 ptok=243 fr=stop lat=256.794
[2026-07-27T04:04:36.820460+00:00] laguna C7/published code 1 ok=True fired=True rtok~153 ptok=247 fr=stop lat=96.24
[2026-07-27T04:09:12.997302+00:00] laguna C7/published code 2 ok=True fired=True rtok~1505 ptok=245 fr=stop lat=276.177
[2026-07-27T04:15:09.675480+00:00] laguna C7/published code 3 ok=True fired=True rtok~2941 ptok=245 fr=length lat=356.677
[2026-07-27T04:17:27.270815+00:00] laguna C7/published code 4 ok=True fired=True rtok~724 ptok=245 fr=stop lat=137.595
[2026-07-27T04:23:21.577997+00:00] laguna C7/published code 5 ok=True fired=True rtok~1862 ptok=247 fr=length lat=354.307
[2026-07-27T04:29:08.133585+00:00] laguna C7/published code 6 ok=True fired=True rtok~3155 ptok=247 fr=length lat=346.551
[2026-07-27T04:32:35.651255+00:00] laguna C7/published code 7 ok=True fired=True rtok~1436 ptok=244 fr=stop lat=207.517
[2026-07-27T04:38:26.614239+00:00] laguna C7/published code 8 ok=True fired=True rtok~3100 ptok=244 fr=length lat=350.963
[2026-07-27T04:39:34.042787+00:00] laguna C7/published code 9 ok=True fired=True rtok~222 ptok=244 fr=stop lat=67.428
[2026-07-27T04:40:18.346805+00:00] laguna C7/published reasoning 0 ok=True fired=False rtok~0 ptok=254 fr=stop lat=44.304
[2026-07-27T04:41:30.834155+00:00] laguna C7/published reasoning 1 ok=True fired=False rtok~0 ptok=255 fr=stop lat=72.487
[2026-07-27T04:43:46.180242+00:00] laguna C7/published reasoning 2 ok=True fired=True rtok~1206 ptok=254 fr=stop lat=135.346
[2026-07-27T04:44:48.442560+00:00] laguna C7/published reasoning 3 ok=True fired=False rtok~0 ptok=255 fr=stop lat=62.262
[2026-07-27T04:45:40.398428+00:00] laguna C7/published reasoning 4 ok=True fired=False rtok~0 ptok=255 fr=stop lat=51.956
[2026-07-27T04:46:29.914053+00:00] laguna C7/published reasoning 5 ok=True fired=False rtok~0 ptok=254 fr=stop lat=49.515
[2026-07-27T04:47:08.103872+00:00] laguna C7/published reasoning 6 ok=True fired=False rtok~0 ptok=254 fr=stop lat=38.189
[2026-07-27T04:47:47.801834+00:00] laguna C7/published reasoning 7 ok=True fired=False rtok~0 ptok=253 fr=stop lat=39.698
[2026-07-27T04:48:36.381568+00:00] laguna C7/published reasoning 8 ok=True fired=False rtok~0 ptok=254 fr=stop lat=48.579
[2026-07-27T04:50:45.975405+00:00] laguna C7/published reasoning 9 ok=True fired=True rtok~1080 ptok=253 fr=stop lat=129.593
[2026-07-27T04:50:55.030218+00:00] laguna C7/published summary 0 ok=True fired=False rtok~0 ptok=417 fr=stop lat=9.054
[2026-07-27T04:51:03.269357+00:00] laguna C7/published summary 1 ok=True fired=False rtok~0 ptok=419 fr=stop lat=8.238
[2026-07-27T04:51:10.658365+00:00] laguna C7/published summary 2 ok=True fired=False rtok~0 ptok=418 fr=stop lat=7.388
[2026-07-27T04:51:18.115558+00:00] laguna C7/published summary 3 ok=True fired=False rtok~0 ptok=416 fr=stop lat=7.457
[2026-07-27T04:51:24.969527+00:00] laguna C7/published summary 4 ok=True fired=False rtok~0 ptok=417 fr=stop lat=6.854
[2026-07-27T04:51:33.981875+00:00] laguna C7/published summary 5 ok=True fired=False rtok~0 ptok=417 fr=stop lat=9.012
[2026-07-27T04:51:40.330878+00:00] laguna C7/published summary 6 ok=True fired=False rtok~0 ptok=416 fr=stop lat=6.349
[2026-07-27T04:51:46.924179+00:00] laguna C7/published summary 7 ok=True fired=False rtok~0 ptok=416 fr=stop lat=6.593
[2026-07-27T04:51:54.796083+00:00] laguna C7/published summary 8 ok=True fired=False rtok~0 ptok=419 fr=stop lat=7.872
[2026-07-27T04:52:02.032208+00:00] laguna C7/published summary 9 ok=True fired=False rtok~0 ptok=418 fr=stop lat=7.236
[2026-07-27T04:52:31.158956+00:00] laguna C7/prefix math 0 ok=True fired=True rtok~141 ptok=281 fr=stop lat=29.126
[2026-07-27T04:52:46.868232+00:00] laguna C7/prefix math 1 ok=True fired=False rtok~0 ptok=281 fr=stop lat=15.709
[2026-07-27T04:53:35.397959+00:00] laguna C7/prefix math 2 ok=True fired=True rtok~176 ptok=281 fr=stop lat=48.529
[2026-07-27T04:53:56.992205+00:00] laguna C7/prefix math 3 ok=True fired=False rtok~0 ptok=281 fr=stop lat=21.594
[2026-07-27T04:54:59.539262+00:00] laguna C7/prefix math 4 ok=True fired=True rtok~121 ptok=280 fr=stop lat=62.547
[2026-07-27T04:56:02.324254+00:00] laguna C7/prefix math 5 ok=True fired=True rtok~120 ptok=278 fr=stop lat=62.785
[2026-07-27T04:56:22.633044+00:00] laguna C7/prefix math 6 ok=True fired=True rtok~78 ptok=280 fr=stop lat=20.308
[2026-07-27T04:56:40.803018+00:00] laguna C7/prefix math 7 ok=True fired=False rtok~0 ptok=280 fr=stop lat=18.17
[2026-07-27T04:57:05.057994+00:00] laguna C7/prefix math 8 ok=True fired=True rtok~79 ptok=281 fr=stop lat=24.255
[2026-07-27T04:57:31.710126+00:00] laguna C7/prefix math 9 ok=True fired=True rtok~124 ptok=279 fr=stop lat=26.652
[2026-07-27T04:59:02.618052+00:00] laguna C7/prefix code 0 ok=True fired=True rtok~247 ptok=273 fr=stop lat=90.908
[2026-07-27T05:00:14.343251+00:00] laguna C7/prefix code 1 ok=True fired=True rtok~164 ptok=274 fr=stop lat=71.725
[2026-07-27T05:00:44.302966+00:00] laguna C7/prefix code 2 ok=True fired=True rtok~183 ptok=275 fr=stop lat=29.959
[2026-07-27T05:03:58.457781+00:00] laguna C7/prefix code 3 ok=True fired=True rtok~903 ptok=275 fr=stop lat=194.155
[2026-07-27T05:08:08.143909+00:00] laguna C7/prefix code 4 ok=True fired=True rtok~3082 ptok=275 fr=length lat=249.686
[2026-07-27T05:11:19.424620+00:00] laguna C7/prefix code 5 ok=True fired=True rtok~1440 ptok=274 fr=stop lat=191.28
[2026-07-27T05:16:03.213312+00:00] laguna C7/prefix code 6 ok=True fired=True rtok~2149 ptok=273 fr=stop lat=283.788
[2026-07-27T05:19:42.046988+00:00] laguna C7/prefix code 7 ok=True fired=True rtok~1043 ptok=276 fr=stop lat=218.833
[2026-07-27T05:23:45.024512+00:00] laguna C7/prefix code 8 ok=True fired=True rtok~1512 ptok=274 fr=stop lat=242.977
[2026-07-27T05:28:00.462413+00:00] laguna C7/prefix code 9 ok=True fired=True rtok~1290 ptok=274 fr=stop lat=255.438
[2026-07-27T05:28:48.502608+00:00] laguna C7/prefix reasoning 0 ok=True fired=False rtok~0 ptok=281 fr=stop lat=48.04
[2026-07-27T05:29:55.421086+00:00] laguna C7/prefix reasoning 1 ok=True fired=False rtok~0 ptok=284 fr=stop lat=66.918
[2026-07-27T05:30:56.051777+00:00] laguna C7/prefix reasoning 2 ok=True fired=False rtok~0 ptok=282 fr=stop lat=60.63
[2026-07-27T05:32:59.986259+00:00] laguna C7/prefix reasoning 3 ok=True fired=False rtok~0 ptok=284 fr=stop lat=123.934
[2026-07-27T05:34:10.388909+00:00] laguna C7/prefix reasoning 4 ok=True fired=False rtok~0 ptok=284 fr=stop lat=70.402
[2026-07-27T05:35:19.307216+00:00] laguna C7/prefix reasoning 5 ok=True fired=False rtok~0 ptok=283 fr=stop lat=68.918
[2026-07-27T05:36:24.483412+00:00] laguna C7/prefix reasoning 6 ok=True fired=False rtok~0 ptok=282 fr=stop lat=65.176
[2026-07-27T05:37:26.221556+00:00] laguna C7/prefix reasoning 7 ok=True fired=False rtok~0 ptok=283 fr=stop lat=61.738
[2026-07-27T05:38:50.720725+00:00] laguna C7/prefix reasoning 8 ok=True fired=False rtok~0 ptok=283 fr=stop lat=84.499
[2026-07-27T05:39:46.712091+00:00] laguna C7/prefix reasoning 9 ok=True fired=False rtok~0 ptok=284 fr=stop lat=55.991
[2026-07-27T05:39:56.936194+00:00] laguna C7/prefix summary 0 ok=True fired=False rtok~0 ptok=446 fr=stop lat=10.224
[2026-07-27T05:40:06.176185+00:00] laguna C7/prefix summary 1 ok=True fired=False rtok~0 ptok=445 fr=stop lat=9.24
[2026-07-27T05:40:14.724100+00:00] laguna C7/prefix summary 2 ok=True fired=False rtok~0 ptok=447 fr=stop lat=8.548
[2026-07-27T05:40:25.522079+00:00] laguna C7/prefix summary 3 ok=True fired=False rtok~0 ptok=448 fr=stop lat=10.798
[2026-07-27T05:40:32.793361+00:00] laguna C7/prefix summary 4 ok=True fired=False rtok~0 ptok=447 fr=stop lat=7.271
[2026-07-27T05:40:42.604895+00:00] laguna C7/prefix summary 5 ok=True fired=False rtok~0 ptok=445 fr=stop lat=9.811
[2026-07-27T05:40:53.648138+00:00] laguna C7/prefix summary 6 ok=True fired=False rtok~0 ptok=447 fr=stop lat=11.043
[2026-07-27T05:41:03.484675+00:00] laguna C7/prefix summary 7 ok=True fired=False rtok~0 ptok=447 fr=stop lat=9.836
[2026-07-27T05:41:13.358012+00:00] laguna C7/prefix summary 8 ok=True fired=False rtok~0 ptok=448 fr=stop lat=9.873
[2026-07-27T05:41:24.826881+00:00] laguna C7/prefix summary 9 ok=True fired=False rtok~0 ptok=448 fr=stop lat=11.469
[2026-07-27T05:42:03.457794+00:00] laguna C7/suffix math 0 ok=True fired=True rtok~139 ptok=280 fr=stop lat=38.631
[2026-07-27T05:42:27.681616+00:00] laguna C7/suffix math 1 ok=True fired=False rtok~0 ptok=279 fr=stop lat=24.223
[2026-07-27T05:43:04.246241+00:00] laguna C7/suffix math 2 ok=True fired=True rtok~140 ptok=281 fr=stop lat=36.564
[2026-07-27T05:43:41.542934+00:00] laguna C7/suffix math 3 ok=True fired=True rtok~74 ptok=277 fr=stop lat=37.296
[2026-07-27T05:44:34.363040+00:00] laguna C7/suffix math 4 ok=True fired=True rtok~121 ptok=280 fr=stop lat=52.82
[2026-07-27T05:45:32.072812+00:00] laguna C7/suffix math 5 ok=True fired=True rtok~141 ptok=279 fr=stop lat=57.709
[2026-07-27T05:46:06.396487+00:00] laguna C7/suffix math 6 ok=True fired=True rtok~72 ptok=280 fr=stop lat=34.323
[2026-07-27T05:46:42.860550+00:00] laguna C7/suffix math 7 ok=True fired=True rtok~141 ptok=281 fr=stop lat=36.464
[2026-07-27T05:52:35.763073+00:00] laguna C7/suffix math 8 ok=True fired=True rtok~122 ptok=279 fr=length lat=352.902
[2026-07-27T05:54:04.726106+00:00] laguna C7/suffix math 9 ok=True fired=True rtok~120 ptok=281 fr=stop lat=88.962
[2026-07-27T05:59:00.049811+00:00] laguna C7/suffix code 0 ok=True fired=True rtok~1935 ptok=274 fr=stop lat=295.323
[2026-07-27T05:59:50.036489+00:00] laguna C7/suffix code 1 ok=True fired=True rtok~67 ptok=275 fr=stop lat=49.986
[2026-07-27T06:05:41.574864+00:00] laguna C7/suffix code 2 ok=True fired=True rtok~2842 ptok=275 fr=length lat=351.538
[2026-07-27T06:08:00.454638+00:00] laguna C7/suffix code 3 ok=True fired=True rtok~198 ptok=275 fr=stop lat=138.879
[2026-07-27T06:09:36.787122+00:00] laguna C7/suffix code 4 ok=True fired=True rtok~157 ptok=274 fr=stop lat=96.332
[2026-07-27T06:13:37.457489+00:00] laguna C7/suffix code 5 ok=True fired=True rtok~1976 ptok=276 fr=stop lat=240.67
[2026-07-27T06:17:47.491955+00:00] laguna C7/suffix code 6 ok=True fired=True rtok~1771 ptok=275 fr=stop lat=250.034
[2026-07-27T06:19:12.723845+00:00] laguna C7/suffix code 7 ok=True fired=True rtok~130 ptok=276 fr=stop lat=85.232
[2026-07-27T06:25:09.209016+00:00] laguna C7/suffix code 8 ok=True fired=True rtok~2340 ptok=274 fr=length lat=356.485
[2026-07-27T06:27:11.924218+00:00] laguna C7/suffix code 9 ok=True fired=True rtok~553 ptok=276 fr=stop lat=122.715
[2026-07-27T06:29:27.120534+00:00] laguna C7/suffix reasoning 0 ok=True fired=True rtok~746 ptok=284 fr=stop lat=135.196
[2026-07-27T06:32:21.533237+00:00] laguna C7/suffix reasoning 1 ok=True fired=True rtok~1004 ptok=281 fr=stop lat=174.412
[2026-07-27T06:34:32.480914+00:00] laguna C7/suffix reasoning 2 ok=True fired=True rtok~757 ptok=284 fr=stop lat=130.947
[2026-07-27T06:36:22.176752+00:00] laguna C7/suffix reasoning 3 ok=True fired=True rtok~464 ptok=282 fr=stop lat=109.696
[2026-07-27T06:37:32.112489+00:00] laguna C7/suffix reasoning 4 ok=True fired=False rtok~0 ptok=280 fr=stop lat=69.935
[2026-07-27T06:38:18.205071+00:00] laguna C7/suffix reasoning 5 ok=True fired=False rtok~0 ptok=282 fr=stop lat=46.092
[2026-07-27T06:41:46.392254+00:00] laguna C7/suffix reasoning 6 ok=True fired=True rtok~1527 ptok=284 fr=stop lat=208.187
[2026-07-27T06:42:28.381965+00:00] laguna C7/suffix reasoning 7 ok=True fired=False rtok~0 ptok=284 fr=stop lat=41.989
[2026-07-27T06:43:51.064239+00:00] laguna C7/suffix reasoning 8 ok=True fired=False rtok~0 ptok=282 fr=stop lat=82.682
[2026-07-27T06:44:52.440396+00:00] laguna C7/suffix reasoning 9 ok=True fired=False rtok~0 ptok=282 fr=stop lat=61.375
[2026-07-27T06:45:03.432267+00:00] laguna C7/suffix summary 0 ok=True fired=False rtok~0 ptok=446 fr=stop lat=10.991
[2026-07-27T06:45:14.234289+00:00] laguna C7/suffix summary 1 ok=True fired=False rtok~0 ptok=448 fr=stop lat=10.802
[2026-07-27T06:45:23.256302+00:00] laguna C7/suffix summary 2 ok=True fired=False rtok~0 ptok=448 fr=stop lat=9.022
[2026-07-27T06:45:35.619467+00:00] laguna C7/suffix summary 3 ok=True fired=False rtok~0 ptok=448 fr=stop lat=12.363
[2026-07-27T06:45:46.877856+00:00] laguna C7/suffix summary 4 ok=True fired=False rtok~0 ptok=447 fr=stop lat=11.258
[2026-07-27T06:45:55.894101+00:00] laguna C7/suffix summary 5 ok=True fired=False rtok~0 ptok=448 fr=stop lat=9.016
[2026-07-27T06:46:06.274318+00:00] laguna C7/suffix summary 6 ok=True fired=False rtok~0 ptok=447 fr=stop lat=10.38
[2026-07-27T06:46:15.834414+00:00] laguna C7/suffix summary 7 ok=True fired=False rtok~0 ptok=448 fr=stop lat=9.56
[2026-07-27T06:46:26.858909+00:00] laguna C7/suffix summary 8 ok=True fired=False rtok~0 ptok=446 fr=stop lat=11.024
[2026-07-27T06:46:38.152995+00:00] laguna C7/suffix summary 9 ok=True fired=False rtok~0 ptok=447 fr=stop lat=11.294
[2026-07-27T06:47:16.977747+00:00] laguna C7/spliced math 0 ok=True fired=True rtok~75 ptok=287 fr=stop lat=38.824
[2026-07-27T06:48:11.720911+00:00] laguna C7/spliced math 1 ok=True fired=True rtok~120 ptok=290 fr=stop lat=54.742
[2026-07-27T06:48:48.338396+00:00] laguna C7/spliced math 2 ok=True fired=True rtok~120 ptok=291 fr=stop lat=36.617
[2026-07-27T06:49:30.117669+00:00] laguna C7/spliced math 3 ok=True fired=True rtok~121 ptok=290 fr=stop lat=41.779
[2026-07-27T06:50:00.809064+00:00] laguna C7/spliced math 4 ok=True fired=True rtok~120 ptok=291 fr=stop lat=30.691
[2026-07-27T06:50:30.898705+00:00] laguna C7/spliced math 5 ok=True fired=True rtok~121 ptok=289 fr=stop lat=30.089
[2026-07-27T06:50:57.538959+00:00] laguna C7/spliced math 6 ok=True fired=True rtok~120 ptok=290 fr=stop lat=26.64
[2026-07-27T06:51:20.484614+00:00] laguna C7/spliced math 7 ok=True fired=False rtok~0 ptok=291 fr=stop lat=22.945
[2026-07-27T06:51:40.578315+00:00] laguna C7/spliced math 8 ok=True fired=False rtok~0 ptok=291 fr=stop lat=20.093
[2026-07-27T06:52:06.080691+00:00] laguna C7/spliced math 9 ok=True fired=True rtok~74 ptok=291 fr=stop lat=25.502
[2026-07-27T06:53:00.525868+00:00] laguna C7/spliced code 0 ok=True fired=True rtok~137 ptok=286 fr=stop lat=54.444
[2026-07-27T06:57:09.407048+00:00] laguna C7/spliced code 1 ok=True fired=True rtok~2699 ptok=284 fr=length lat=248.881
[2026-07-27T06:57:56.913181+00:00] laguna C7/spliced code 2 ok=True fired=True rtok~119 ptok=285 fr=stop lat=47.506
[2026-07-27T07:00:39.721817+00:00] laguna C7/spliced code 3 ok=True fired=True rtok~1217 ptok=286 fr=stop lat=162.808
[2026-07-27T07:01:11.513064+00:00] laguna C7/spliced code 4 ok=True fired=True rtok~71 ptok=286 fr=stop lat=31.791
[2026-07-27T07:05:19.879176+00:00] laguna C7/spliced code 5 ok=True fired=True rtok~2887 ptok=286 fr=length lat=248.366
[2026-07-27T07:06:01.006429+00:00] laguna C7/spliced code 6 ok=True fired=True rtok~111 ptok=286 fr=stop lat=41.127
[2026-07-27T07:08:18.113413+00:00] laguna C7/spliced code 7 ok=True fired=True rtok~1072 ptok=286 fr=stop lat=137.107
[2026-07-27T07:11:20.159592+00:00] laguna C7/spliced code 8 ok=True fired=True rtok~1592 ptok=286 fr=stop lat=182.045
[2026-07-27T07:15:29.392564+00:00] laguna C7/spliced code 9 ok=True fired=True rtok~1539 ptok=285 fr=length lat=249.232
[2026-07-27T07:16:05.465672+00:00] laguna C7/spliced reasoning 0 ok=True fired=False rtok~0 ptok=294 fr=stop lat=36.073
[2026-07-27T07:16:38.513888+00:00] laguna C7/spliced reasoning 1 ok=True fired=False rtok~0 ptok=294 fr=stop lat=33.047
[2026-07-27T07:17:26.283385+00:00] laguna C7/spliced reasoning 2 ok=True fired=False rtok~0 ptok=293 fr=stop lat=47.769
[2026-07-27T07:17:59.613611+00:00] laguna C7/spliced reasoning 3 ok=True fired=False rtok~0 ptok=294 fr=stop lat=33.33
[2026-07-27T07:18:34.563536+00:00] laguna C7/spliced reasoning 4 ok=True fired=False rtok~0 ptok=293 fr=stop lat=34.95
[2026-07-27T07:19:22.738686+00:00] laguna C7/spliced reasoning 5 ok=True fired=False rtok~0 ptok=292 fr=stop lat=48.175
[2026-07-27T07:19:58.216540+00:00] laguna C7/spliced reasoning 6 ok=True fired=False rtok~0 ptok=294 fr=stop lat=35.478
[2026-07-27T07:21:34.588448+00:00] laguna C7/spliced reasoning 7 ok=True fired=True rtok~692 ptok=293 fr=stop lat=96.372
[2026-07-27T07:23:03.490379+00:00] laguna C7/spliced reasoning 8 ok=True fired=True rtok~699 ptok=294 fr=stop lat=88.901
[2026-07-27T07:23:47.480816+00:00] laguna C7/spliced reasoning 9 ok=True fired=False rtok~0 ptok=293 fr=stop lat=43.99
[2026-07-27T07:23:54.103025+00:00] laguna C7/spliced summary 0 ok=True fired=False rtok~0 ptok=458 fr=stop lat=6.622
[2026-07-27T07:24:00.906024+00:00] laguna C7/spliced summary 1 ok=True fired=False rtok~0 ptok=458 fr=stop lat=6.803
[2026-07-27T07:24:10.044380+00:00] laguna C7/spliced summary 2 ok=True fired=False rtok~0 ptok=456 fr=stop lat=9.138
[2026-07-27T07:24:17.174875+00:00] laguna C7/spliced summary 3 ok=True fired=False rtok~0 ptok=457 fr=stop lat=7.13
[2026-07-27T07:24:23.379985+00:00] laguna C7/spliced summary 4 ok=True fired=False rtok~0 ptok=455 fr=stop lat=6.205
[2026-07-27T07:24:31.238171+00:00] laguna C7/spliced summary 5 ok=True fired=False rtok~0 ptok=457 fr=stop lat=7.858
[2026-07-27T07:24:37.163609+00:00] laguna C7/spliced summary 6 ok=True fired=False rtok~0 ptok=457 fr=stop lat=5.925
[2026-07-27T07:24:44.638317+00:00] laguna C7/spliced summary 7 ok=True fired=False rtok~0 ptok=456 fr=stop lat=7.474
[2026-07-27T07:24:49.892494+00:00] laguna C7/spliced summary 8 ok=True fired=False rtok~0 ptok=456 fr=stop lat=5.254
[2026-07-27T07:24:56.770323+00:00] laguna C7/spliced summary 9 ok=True fired=False rtok~0 ptok=456 fr=stop lat=6.877
[2026-07-27T07:24:56.770629+00:00] laguna identity grid COMPLETE
