[2026-07-27T08:56:47.464000+00:00] token bands: {'identity': 29, 'neutral': 28, 'topical': 28, 'identity_dev_pct': 0.0, 'neutral_dev_pct': 3.4, 'topical_dev_pct': 3.4}
[2026-07-27T08:56:47.464156+00:00] nvfp4 suffix-control grid: 160 turns to run (0 already done), order seed 2986799900, interleaved, conc=1
[2026-07-27T08:56:52.813095+00:00] seq=0 C6/suffix_topical math 0 ok=True fired=False rtok~0 ptok=248 fr=stop lat=5.349
[2026-07-27T08:56:58.848203+00:00] seq=1 C6/none math 0 ok=True fired=False rtok~0 ptok=218 fr=stop lat=6.035
[2026-07-27T08:57:16.755936+00:00] seq=2 C6/suffix_neutral math 0 ok=True fired=True rtok~355 ptok=246 fr=stop lat=17.908
[2026-07-27T08:57:38.938928+00:00] seq=3 C6/suffix_identity math 0 ok=True fired=True rtok~459 ptok=249 fr=stop lat=22.183
[2026-07-27T08:57:50.410095+00:00] seq=4 C6/suffix_topical code 0 ok=True fired=False rtok~0 ptok=242 fr=stop lat=11.471
[2026-07-27T08:57:59.909558+00:00] seq=5 C6/suffix_neutral code 0 ok=True fired=False rtok~0 ptok=242 fr=stop lat=9.499
[2026-07-27T08:58:38.725193+00:00] seq=6 C6/suffix_identity code 0 ok=True fired=True rtok~727 ptok=241 fr=stop lat=38.813
[2026-07-27T08:58:48.147370+00:00] seq=7 C6/none code 0 ok=True fired=False rtok~0 ptok=212 fr=stop lat=9.42
[2026-07-27T08:58:56.700948+00:00] seq=8 C6/suffix_neutral reasoning 0 ok=True fired=False rtok~0 ptok=250 fr=stop lat=8.553
[2026-07-27T08:59:09.897202+00:00] seq=9 C6/suffix_topical reasoning 0 ok=True fired=False rtok~0 ptok=250 fr=stop lat=13.196
[2026-07-27T08:59:24.802421+00:00] seq=10 C6/suffix_identity reasoning 0 ok=True fired=False rtok~0 ptok=252 fr=stop lat=14.905
[2026-07-27T08:59:41.657090+00:00] seq=11 C6/none reasoning 0 ok=True fired=False rtok~0 ptok=222 fr=stop lat=16.854
[2026-07-27T08:59:45.533854+00:00] seq=12 C6/suffix_neutral summary 0 ok=True fired=False rtok~0 ptok=412 fr=stop lat=3.877
[2026-07-27T08:59:51.086601+00:00] seq=13 C6/none summary 0 ok=True fired=False rtok~0 ptok=387 fr=stop lat=5.553
[2026-07-27T08:59:56.233293+00:00] seq=14 C6/suffix_identity summary 0 ok=True fired=False rtok~0 ptok=416 fr=stop lat=5.146
[2026-07-27T09:00:01.285413+00:00] seq=15 C6/suffix_topical summary 0 ok=True fired=False rtok~0 ptok=414 fr=stop lat=5.052
[2026-07-27T09:00:05.599258+00:00] seq=16 C6/none math 1 ok=True fired=False rtok~0 ptok=220 fr=stop lat=4.314
[2026-07-27T09:00:32.843404+00:00] seq=17 C6/suffix_identity math 1 ok=True fired=True rtok~573 ptok=246 fr=stop lat=27.244
[2026-07-27T09:00:52.932911+00:00] seq=18 C6/suffix_topical math 1 ok=True fired=True rtok~391 ptok=247 fr=stop lat=20.089
[2026-07-27T09:01:09.057747+00:00] seq=19 C6/suffix_neutral math 1 ok=True fired=True rtok~330 ptok=248 fr=stop lat=16.125
[2026-07-27T09:01:24.248229+00:00] seq=20 C6/suffix_neutral code 1 ok=True fired=False rtok~0 ptok=240 fr=stop lat=15.19
[2026-07-27T09:01:35.043062+00:00] seq=21 C6/suffix_topical code 1 ok=True fired=False rtok~0 ptok=240 fr=stop lat=10.795
[2026-07-27T09:01:47.908047+00:00] seq=22 C6/none code 1 ok=True fired=False rtok~0 ptok=213 fr=stop lat=12.865
[2026-07-27T09:02:50.001101+00:00] seq=23 C6/suffix_identity code 1 ok=True fired=True rtok~1234 ptok=244 fr=stop lat=62.093
[2026-07-27T09:03:07.128698+00:00] seq=24 C6/none reasoning 1 ok=True fired=False rtok~0 ptok=222 fr=stop lat=17.127
[2026-07-27T09:03:16.082644+00:00] seq=25 C6/suffix_identity reasoning 1 ok=True fired=False rtok~0 ptok=249 fr=stop lat=8.954
[2026-07-27T09:03:55.613623+00:00] seq=26 C6/suffix_neutral reasoning 1 ok=True fired=True rtok~864 ptok=251 fr=stop lat=39.531
[2026-07-27T09:04:10.883884+00:00] seq=27 C6/suffix_topical reasoning 1 ok=True fired=False rtok~0 ptok=251 fr=stop lat=15.27
[2026-07-27T09:04:16.515268+00:00] seq=28 C6/suffix_identity summary 1 ok=True fired=False rtok~0 ptok=415 fr=stop lat=5.631
[2026-07-27T09:04:22.019004+00:00] seq=29 C6/none summary 1 ok=True fired=False rtok~0 ptok=385 fr=stop lat=5.504
[2026-07-27T09:04:26.496530+00:00] seq=30 C6/suffix_neutral summary 1 ok=True fired=False rtok~0 ptok=414 fr=stop lat=4.477
[2026-07-27T09:04:31.779809+00:00] seq=31 C6/suffix_topical summary 1 ok=True fired=False rtok~0 ptok=413 fr=stop lat=5.283
[2026-07-27T09:04:36.139360+00:00] seq=32 C6/suffix_neutral math 2 ok=True fired=False rtok~0 ptok=247 fr=stop lat=4.359
[2026-07-27T09:04:53.157088+00:00] seq=33 C6/suffix_topical math 2 ok=True fired=True rtok~307 ptok=247 fr=stop lat=17.017
[2026-07-27T09:05:22.311758+00:00] seq=34 C6/suffix_identity math 2 ok=True fired=True rtok~589 ptok=249 fr=stop lat=29.154
[2026-07-27T09:05:26.813258+00:00] seq=35 C6/none math 2 ok=True fired=False rtok~0 ptok=219 fr=stop lat=4.501
[2026-07-27T09:05:40.049402+00:00] seq=36 C6/suffix_topical code 2 ok=True fired=False rtok~0 ptok=242 fr=stop lat=13.236
[2026-07-27T09:05:52.322517+00:00] seq=37 C6/suffix_identity code 2 ok=True fired=False rtok~0 ptok=244 fr=stop lat=12.273
[2026-07-27T09:06:00.471296+00:00] seq=38 C6/suffix_neutral code 2 ok=True fired=False rtok~0 ptok=241 fr=stop lat=8.149
[2026-07-27T09:06:12.795395+00:00] seq=39 C6/none code 2 ok=True fired=False rtok~0 ptok=213 fr=stop lat=12.324
[2026-07-27T09:06:43.657168+00:00] seq=40 C6/suffix_identity reasoning 2 ok=True fired=False rtok~0 ptok=250 fr=stop lat=30.862
[2026-07-27T09:06:57.409833+00:00] seq=41 C6/none reasoning 2 ok=True fired=False rtok~0 ptok=221 fr=stop lat=13.752
[2026-07-27T09:07:32.735123+00:00] seq=42 C6/suffix_neutral reasoning 2 ok=True fired=True rtok~718 ptok=247 fr=stop lat=35.325
[2026-07-27T09:07:44.466349+00:00] seq=43 C6/suffix_topical reasoning 2 ok=True fired=False rtok~0 ptok=248 fr=stop lat=11.731
[2026-07-27T09:07:49.047294+00:00] seq=44 C6/suffix_topical summary 2 ok=True fired=False rtok~0 ptok=413 fr=stop lat=4.581
[2026-07-27T09:07:54.038294+00:00] seq=45 C6/suffix_identity summary 2 ok=True fired=False rtok~0 ptok=416 fr=stop lat=4.991
[2026-07-27T09:07:59.206356+00:00] seq=46 C6/suffix_neutral summary 2 ok=True fired=False rtok~0 ptok=414 fr=stop lat=5.168
[2026-07-27T09:08:05.066398+00:00] seq=47 C6/none summary 2 ok=True fired=False rtok~0 ptok=386 fr=stop lat=5.86
[2026-07-27T09:08:26.741561+00:00] seq=48 C6/suffix_identity math 3 ok=True fired=True rtok~413 ptok=248 fr=stop lat=21.675
[2026-07-27T09:08:32.162840+00:00] seq=49 C6/suffix_topical math 3 ok=True fired=False rtok~0 ptok=247 fr=stop lat=5.421
[2026-07-27T09:08:38.199049+00:00] seq=50 C6/none math 3 ok=True fired=False rtok~0 ptok=220 fr=stop lat=6.036
[2026-07-27T09:08:54.937860+00:00] seq=51 C6/suffix_neutral math 3 ok=True fired=True rtok~300 ptok=246 fr=stop lat=16.739
[2026-07-27T09:10:20.542474+00:00] seq=52 C6/suffix_topical code 3 ok=True fired=True rtok~1830 ptok=241 fr=stop lat=85.604
[2026-07-27T09:10:35.693102+00:00] seq=53 C6/suffix_neutral code 3 ok=True fired=False rtok~0 ptok=243 fr=stop lat=15.15
[2026-07-27T09:11:56.938346+00:00] seq=54 C6/suffix_identity code 3 ok=True fired=True rtok~1550 ptok=243 fr=stop lat=81.244
[2026-07-27T09:12:12.464234+00:00] seq=55 C6/none code 3 ok=True fired=False rtok~0 ptok=213 fr=stop lat=15.525
[2026-07-27T09:12:28.806377+00:00] seq=56 C6/suffix_topical reasoning 3 ok=True fired=False rtok~0 ptok=248 fr=stop lat=16.342
[2026-07-27T09:13:12.697840+00:00] seq=57 C6/suffix_neutral reasoning 3 ok=True fired=True rtok~847 ptok=251 fr=stop lat=43.891
[2026-07-27T09:13:25.215199+00:00] seq=58 C6/suffix_identity reasoning 3 ok=True fired=False rtok~0 ptok=252 fr=stop lat=12.517
[2026-07-27T09:13:43.150626+00:00] seq=59 C6/none reasoning 3 ok=True fired=False rtok~0 ptok=222 fr=stop lat=17.935
[2026-07-27T09:13:47.796946+00:00] seq=60 C6/none summary 3 ok=True fired=False rtok~0 ptok=387 fr=stop lat=4.646
[2026-07-27T09:13:51.428708+00:00] seq=61 C6/suffix_topical summary 3 ok=True fired=False rtok~0 ptok=414 fr=stop lat=3.631
[2026-07-27T09:13:56.612374+00:00] seq=62 C6/suffix_neutral summary 3 ok=True fired=False rtok~0 ptok=415 fr=stop lat=5.183
[2026-07-27T09:14:01.418661+00:00] seq=63 C6/suffix_identity summary 3 ok=True fired=False rtok~0 ptok=414 fr=stop lat=4.806
[2026-07-27T09:14:06.004349+00:00] seq=64 C6/none math 4 ok=True fired=False rtok~0 ptok=219 fr=stop lat=4.585
[2026-07-27T09:14:12.464658+00:00] seq=65 C6/suffix_neutral math 4 ok=True fired=False rtok~0 ptok=246 fr=stop lat=6.46
[2026-07-27T09:14:28.980505+00:00] seq=66 C6/suffix_identity math 4 ok=True fired=True rtok~282 ptok=246 fr=stop lat=16.516
[2026-07-27T09:15:26.994805+00:00] seq=67 C6/suffix_topical math 4 ok=True fired=True rtok~1198 ptok=245 fr=stop lat=58.014
[2026-07-27T09:15:38.313897+00:00] seq=68 C6/none code 4 ok=True fired=False rtok~0 ptok=215 fr=stop lat=11.319
[2026-07-27T09:15:50.608155+00:00] seq=69 C6/suffix_topical code 4 ok=True fired=False rtok~0 ptok=240 fr=stop lat=12.294
[2026-07-27T09:16:03.869825+00:00] seq=70 C6/suffix_identity code 4 ok=True fired=True rtok~74 ptok=243 fr=stop lat=13.261
[2026-07-27T09:16:11.599381+00:00] seq=71 C6/suffix_neutral code 4 ok=True fired=False rtok~0 ptok=241 fr=stop lat=7.729
[2026-07-27T09:16:23.639698+00:00] seq=72 C6/suffix_identity reasoning 4 ok=True fired=False rtok~0 ptok=252 fr=stop lat=12.04
[2026-07-27T09:16:32.605027+00:00] seq=73 C6/suffix_topical reasoning 4 ok=True fired=False rtok~0 ptok=249 fr=stop lat=8.965
[2026-07-27T09:16:38.505199+00:00] seq=74 C6/suffix_neutral reasoning 4 ok=True fired=False rtok~0 ptok=250 fr=stop lat=5.9
[2026-07-27T09:16:59.287519+00:00] seq=75 C6/none reasoning 4 ok=True fired=False rtok~0 ptok=223 fr=stop lat=20.782
[2026-07-27T09:17:04.467503+00:00] seq=76 C6/suffix_neutral summary 4 ok=True fired=False rtok~0 ptok=412 fr=stop lat=5.18
[2026-07-27T09:17:09.897853+00:00] seq=77 C6/none summary 4 ok=True fired=False rtok~0 ptok=384 fr=stop lat=5.43
[2026-07-27T09:17:15.078595+00:00] seq=78 C6/suffix_topical summary 4 ok=True fired=False rtok~0 ptok=413 fr=stop lat=5.181
[2026-07-27T09:17:20.670801+00:00] seq=79 C6/suffix_identity summary 4 ok=True fired=False rtok~0 ptok=414 fr=stop lat=5.592
[2026-07-27T09:17:35.052411+00:00] seq=80 C6/suffix_topical math 5 ok=True fired=True rtok~258 ptok=246 fr=stop lat=14.381
[2026-07-27T09:17:40.305911+00:00] seq=81 C6/none math 5 ok=True fired=False rtok~0 ptok=219 fr=stop lat=5.253
[2026-07-27T09:17:45.650297+00:00] seq=82 C6/suffix_neutral math 5 ok=True fired=False rtok~0 ptok=246 fr=stop lat=5.344
[2026-07-27T09:18:07.801147+00:00] seq=83 C6/suffix_identity math 5 ok=True fired=True rtok~422 ptok=248 fr=stop lat=22.151
[2026-07-27T09:18:14.395154+00:00] seq=84 C6/suffix_identity code 5 ok=True fired=False rtok~0 ptok=244 fr=stop lat=6.594
[2026-07-27T09:18:24.109898+00:00] seq=85 C6/none code 5 ok=True fired=False rtok~0 ptok=213 fr=stop lat=9.714
[2026-07-27T09:20:23.001277+00:00] seq=86 C6/suffix_topical code 5 ok=True fired=True rtok~2657 ptok=242 fr=stop lat=118.891
[2026-07-27T09:20:35.559303+00:00] seq=87 C6/suffix_neutral code 5 ok=True fired=False rtok~0 ptok=242 fr=stop lat=12.558
[2026-07-27T09:20:50.363011+00:00] seq=88 C6/suffix_identity reasoning 5 ok=True fired=False rtok~0 ptok=251 fr=stop lat=14.803
[2026-07-27T09:21:15.686171+00:00] seq=89 C6/suffix_topical reasoning 5 ok=True fired=True rtok~407 ptok=251 fr=stop lat=25.323
[2026-07-27T09:21:30.914512+00:00] seq=90 C6/none reasoning 5 ok=True fired=False rtok~0 ptok=222 fr=stop lat=15.228
[2026-07-27T09:21:44.256058+00:00] seq=91 C6/suffix_neutral reasoning 5 ok=True fired=False rtok~0 ptok=250 fr=stop lat=13.341
[2026-07-27T09:21:49.963986+00:00] seq=92 C6/suffix_neutral summary 5 ok=True fired=False rtok~0 ptok=414 fr=stop lat=5.708
[2026-07-27T09:21:55.355380+00:00] seq=93 C6/none summary 5 ok=True fired=False rtok~0 ptok=387 fr=stop lat=5.391
[2026-07-27T09:21:59.905299+00:00] seq=94 C6/suffix_identity summary 5 ok=True fired=False rtok~0 ptok=415 fr=stop lat=4.55
[2026-07-27T09:22:05.731486+00:00] seq=95 C6/suffix_topical summary 5 ok=True fired=False rtok~0 ptok=412 fr=stop lat=5.826
[2026-07-27T09:22:10.043524+00:00] seq=96 C6/suffix_topical math 6 ok=True fired=False rtok~0 ptok=248 fr=stop lat=4.312
[2026-07-27T09:22:15.023469+00:00] seq=97 C6/none math 6 ok=True fired=False rtok~0 ptok=220 fr=stop lat=4.98
[2026-07-27T09:23:07.888289+00:00] seq=98 C6/suffix_neutral math 6 ok=True fired=True rtok~1143 ptok=247 fr=stop lat=52.865
[2026-07-27T09:23:35.715180+00:00] seq=99 C6/suffix_identity math 6 ok=True fired=True rtok~566 ptok=249 fr=stop lat=27.827
[2026-07-27T09:23:48.152916+00:00] seq=100 C6/none code 6 ok=True fired=False rtok~0 ptok=214 fr=stop lat=12.437
[2026-07-27T09:23:56.913670+00:00] seq=101 C6/suffix_topical code 6 ok=True fired=False rtok~0 ptok=240 fr=stop lat=8.76
[2026-07-27T09:24:12.098518+00:00] seq=102 C6/suffix_neutral code 6 ok=True fired=False rtok~0 ptok=242 fr=stop lat=15.185
[2026-07-27T09:25:10.772515+00:00] seq=103 C6/suffix_identity code 6 ok=True fired=True rtok~1313 ptok=243 fr=stop lat=58.674
[2026-07-27T09:25:26.625903+00:00] seq=104 C6/none reasoning 6 ok=True fired=False rtok~0 ptok=223 fr=stop lat=15.853
[2026-07-27T09:25:40.192061+00:00] seq=105 C6/suffix_identity reasoning 6 ok=True fired=False rtok~0 ptok=252 fr=stop lat=13.566
[2026-07-27T09:25:49.637914+00:00] seq=106 C6/suffix_neutral reasoning 6 ok=True fired=False rtok~0 ptok=250 fr=stop lat=9.446
[2026-07-27T09:26:20.886720+00:00] seq=107 C6/suffix_topical reasoning 6 ok=True fired=True rtok~463 ptok=251 fr=stop lat=31.249
[2026-07-27T09:26:26.842650+00:00] seq=108 C6/none summary 6 ok=True fired=False rtok~0 ptok=386 fr=stop lat=5.956
[2026-07-27T09:26:31.333143+00:00] seq=109 C6/suffix_topical summary 6 ok=True fired=False rtok~0 ptok=411 fr=stop lat=4.49
[2026-07-27T09:26:36.412459+00:00] seq=110 C6/suffix_neutral summary 6 ok=True fired=False rtok~0 ptok=415 fr=stop lat=5.079
[2026-07-27T09:26:41.182300+00:00] seq=111 C6/suffix_identity summary 6 ok=True fired=False rtok~0 ptok=412 fr=stop lat=4.77
[2026-07-27T09:26:57.617019+00:00] seq=112 C6/suffix_topical math 7 ok=True fired=True rtok~320 ptok=246 fr=stop lat=16.435
[2026-07-27T09:27:03.857692+00:00] seq=113 C6/suffix_neutral math 7 ok=True fired=False rtok~0 ptok=248 fr=stop lat=6.24
[2026-07-27T09:27:21.356931+00:00] seq=114 C6/suffix_identity math 7 ok=True fired=True rtok~271 ptok=247 fr=stop lat=17.499
[2026-07-27T09:27:25.517352+00:00] seq=115 C6/none math 7 ok=True fired=False rtok~0 ptok=219 fr=stop lat=4.16
[2026-07-27T09:27:36.688257+00:00] seq=116 C6/none code 7 ok=True fired=False rtok~0 ptok=214 fr=stop lat=11.171
[2026-07-27T09:27:49.403520+00:00] seq=117 C6/suffix_topical code 7 ok=True fired=False rtok~0 ptok=242 fr=stop lat=12.715
[2026-07-27T09:28:03.883007+00:00] seq=118 C6/suffix_neutral code 7 ok=True fired=False rtok~0 ptok=243 fr=stop lat=14.479
[2026-07-27T09:28:53.544110+00:00] seq=119 C6/suffix_identity code 7 ok=True fired=True rtok~978 ptok=242 fr=stop lat=49.661
[2026-07-27T09:29:54.710967+00:00] seq=120 C6/suffix_neutral reasoning 7 ok=True fired=True rtok~1460 ptok=248 fr=stop lat=61.167
[2026-07-27T09:30:11.441004+00:00] seq=121 C6/none reasoning 7 ok=True fired=False rtok~0 ptok=222 fr=stop lat=16.73
[2026-07-27T09:30:24.173446+00:00] seq=122 C6/suffix_identity reasoning 7 ok=True fired=False rtok~0 ptok=252 fr=stop lat=12.732
[2026-07-27T09:30:38.564498+00:00] seq=123 C6/suffix_topical reasoning 7 ok=True fired=False rtok~0 ptok=250 fr=stop lat=14.391
[2026-07-27T09:30:43.942573+00:00] seq=124 C6/suffix_neutral summary 7 ok=True fired=False rtok~0 ptok=415 fr=stop lat=5.378
[2026-07-27T09:30:48.124800+00:00] seq=125 C6/suffix_identity summary 7 ok=True fired=False rtok~0 ptok=416 fr=stop lat=4.182
[2026-07-27T09:30:53.584741+00:00] seq=126 C6/none summary 7 ok=True fired=False rtok~0 ptok=387 fr=stop lat=5.46
[2026-07-27T09:30:58.229955+00:00] seq=127 C6/suffix_topical summary 7 ok=True fired=False rtok~0 ptok=413 fr=stop lat=4.645
[2026-07-27T09:31:05.636528+00:00] seq=128 C6/suffix_neutral math 8 ok=True fired=False rtok~0 ptok=248 fr=stop lat=7.406
[2026-07-27T09:31:23.753236+00:00] seq=129 C6/none math 8 ok=True fired=True rtok~356 ptok=216 fr=stop lat=18.116
[2026-07-27T09:31:43.666589+00:00] seq=130 C6/suffix_topical math 8 ok=True fired=True rtok~312 ptok=247 fr=stop lat=19.913
[2026-07-27T09:32:15.957291+00:00] seq=131 C6/suffix_identity math 8 ok=True fired=True rtok~677 ptok=247 fr=stop lat=32.291
[2026-07-27T09:33:11.074332+00:00] seq=132 C6/suffix_identity code 8 ok=True fired=True rtok~949 ptok=242 fr=stop lat=55.117
[2026-07-27T09:33:20.000789+00:00] seq=133 C6/none code 8 ok=True fired=False rtok~0 ptok=213 fr=stop lat=8.926
[2026-07-27T09:33:48.190086+00:00] seq=134 C6/suffix_neutral code 8 ok=True fired=True rtok~233 ptok=242 fr=stop lat=28.189
[2026-07-27T09:33:59.065295+00:00] seq=135 C6/suffix_topical code 8 ok=True fired=False rtok~0 ptok=242 fr=stop lat=10.875
[2026-07-27T09:34:12.117763+00:00] seq=136 C6/suffix_identity reasoning 8 ok=True fired=False rtok~0 ptok=251 fr=stop lat=13.052
[2026-07-27T09:34:20.165985+00:00] seq=137 C6/suffix_topical reasoning 8 ok=True fired=False rtok~0 ptok=247 fr=stop lat=8.048
[2026-07-27T09:34:34.691906+00:00] seq=138 C6/suffix_neutral reasoning 8 ok=True fired=False rtok~0 ptok=248 fr=stop lat=14.526
[2026-07-27T09:34:46.895725+00:00] seq=139 C6/none reasoning 8 ok=True fired=False rtok~0 ptok=222 fr=stop lat=12.204
[2026-07-27T09:34:52.082000+00:00] seq=140 C6/none summary 8 ok=True fired=False rtok~0 ptok=384 fr=stop lat=5.186
[2026-07-27T09:34:57.041166+00:00] seq=141 C6/suffix_identity summary 8 ok=True fired=False rtok~0 ptok=415 fr=stop lat=4.959
[2026-07-27T09:35:02.865220+00:00] seq=142 C6/suffix_neutral summary 8 ok=True fired=False rtok~0 ptok=415 fr=stop lat=5.824
[2026-07-27T09:35:06.895454+00:00] seq=143 C6/suffix_topical summary 8 ok=True fired=False rtok~0 ptok=415 fr=stop lat=4.03
[2026-07-27T09:35:22.346939+00:00] seq=144 C6/none math 9 ok=True fired=True rtok~246 ptok=218 fr=stop lat=15.451
[2026-07-27T09:35:47.923345+00:00] seq=145 C6/suffix_identity math 9 ok=True fired=True rtok~500 ptok=247 fr=stop lat=25.576
[2026-07-27T09:36:44.119748+00:00] seq=146 C6/suffix_neutral math 9 ok=True fired=True rtok~1213 ptok=247 fr=stop lat=56.196
[2026-07-27T09:37:01.901096+00:00] seq=147 C6/suffix_topical math 9 ok=True fired=True rtok~305 ptok=247 fr=stop lat=17.781
[2026-07-27T09:37:13.850338+00:00] seq=148 C6/suffix_neutral code 9 ok=True fired=False rtok~0 ptok=243 fr=stop lat=11.949
[2026-07-27T09:37:20.216432+00:00] seq=149 C6/suffix_identity code 9 ok=True fired=False rtok~0 ptok=242 fr=stop lat=6.366
[2026-07-27T09:37:29.660079+00:00] seq=150 C6/suffix_topical code 9 ok=True fired=False rtok~0 ptok=242 fr=stop lat=9.443
[2026-07-27T09:37:39.970152+00:00] seq=151 C6/none code 9 ok=True fired=False rtok~0 ptok=213 fr=stop lat=10.31
[2026-07-27T09:37:55.804222+00:00] seq=152 C6/suffix_neutral reasoning 9 ok=True fired=False rtok~0 ptok=251 fr=stop lat=15.834
[2026-07-27T09:38:12.231122+00:00] seq=153 C6/none reasoning 9 ok=True fired=False rtok~0 ptok=222 fr=stop lat=16.427
[2026-07-27T09:38:27.863969+00:00] seq=154 C6/suffix_identity reasoning 9 ok=True fired=False rtok~0 ptok=252 fr=stop lat=15.633
[2026-07-27T09:38:39.028796+00:00] seq=155 C6/suffix_topical reasoning 9 ok=True fired=False rtok~0 ptok=250 fr=stop lat=11.165
[2026-07-27T09:38:43.432651+00:00] seq=156 C6/suffix_neutral summary 9 ok=True fired=False rtok~0 ptok=414 fr=stop lat=4.404
[2026-07-27T09:38:48.493565+00:00] seq=157 C6/none summary 9 ok=True fired=False rtok~0 ptok=386 fr=stop lat=5.061
[2026-07-27T09:38:53.546876+00:00] seq=158 C6/suffix_topical summary 9 ok=True fired=False rtok~0 ptok=413 fr=stop lat=5.053
[2026-07-27T09:38:56.939648+00:00] seq=159 C6/suffix_identity summary 9 ok=True fired=False rtok~0 ptok=414 fr=stop lat=3.393
[2026-07-27T09:38:56.939670+00:00] nvfp4 suffix-control grid COMPLETE errors=0
